[index-2.html]
[backblue.gif]
[fade.gif]
[index.html]
[apple-touch-icon-57x57.png]
[apple-touch-icon-60x60.png]
[apple-touch-icon-72x72.png]
[apple-touch-icon-76x76.png]
[apple-touch-icon-114x114.png]
[apple-touch-icon-120x120.png]
[apple-touch-icon-144x144.png]
[apple-touch-icon-152x152.png]
[apple-touch-icon-180x180.png]
[favicon-32x32.png]
[favicon-194x194.png]
[android-chrome-192x192.png]
[favicon-16x16.png]
[webmanifest.json]
[mstile-144x144.png]
[ajax/libs/modernizr/2.8.3/modernizr.min.js]
[Content/themes/2019/styles/nfc_bootstrap.min.css]
[Content/themes/2019/styles/nfc.css]
[Content/themes/2019/styles/ekko-lightbox.css]
[static/css/justifiedGallery.min.css]
[Convention/Atmosphere.html]
[Convention/Theme.html]
[Convention/Charity.html]
[Program/GuestOfHonour.html]
[Program/NorthernLight.html]
[Convention/Mascot.html]
[Convention/Conbook.html]
[Convention/ArtShow.html]
[Convention/DealersDen.html]
[Convention/DealerList.html]
[Convention/WhatTheFuzz.html]
[Program/OpenHouse.html]
[Program/Schedule.html]
[Program/Gaming.html]
[Program/Arcade.html]
[Program/BoardGames.html]
[Program/TabletopRPGs.html]
[Program/CatchEmAll.html]
[Program/AchievementHunting.html]
[Program/Events.html]
[Program/FloatingChristmasSmorgasbord.html]
[Program/PartyBus.html]
[Program/CafeSnowglobe.html]
[Program/HauntedHouse.html]
[Program/CharityConcert.html]
[Program/Ceremonies.html]
[Attending/Information.html]
[Attending/Prices.html]
[Registration/Availability.html]
[Venue/ShuttleBus.html]
[Venue/ConventionHotel.html]
[Attending/Map.html]
[Venue/HotelRooms.html]
[Venue/Faq.html]
[Venue/QuietFloors.html]
[Venue/BufferFloors.html]
[Venue/PartyWing.html]
[Venue/SecondaryHotelInformation.html]
[Venue/SecondHotelFAQ.html]
[Venue/RoomSharing.html]
[Venue/TravelInformation.html]
[Venue/FuzzBus.html]
[Attending/Policies.html]
[Attending/HelpWanted.html]
[Registration/Statistics.html]
[Registration/AttendeeList.html]
[Registration/FursuitList.html]
[About/NordicFuzzCon.html]
[About/Furries.html]
[Other/FurryConventions.html]
[About/Contact.html]
[Content/2019/goh/keke_art.jpg]
[Content/2019/charity/image1.jpg]
[Content/2019/nl/IMG_6579 2.jpg]
[Content/themes/2019/img/nfc_webgraphics1_512px_crsh.png]
[Content/themes/2019/img/nfc_webgraphics2_512px_crsh.png]
[Content/2019/eat-boat/EventsEatSmrgbord2.jpg]
[Content/2018/events/ceremonies.jpg]
[Content/themes/2019/img/icons8-arrow-480-padded-tsp.png]
[plugins/ga/inpage_linkid.js]
[ajax/libs/jquery/1.12.4/jquery.min.js]
[Content/themes/2019/js/bootstrap.js]
[Content/themes/2019/js/nfc.js]
[Content/themes/2019/js/jquery.fittext.js]
[Content/themes/2019/js/ekko-lightbox.min.js]
[static/js/jquery.justifiedGallery.min.js]
[static/js/moment.min.js]
[static/js/moment-timezone-with-data-2012-2022.min.js]
[static/js/tools.js]
[static/js/schedule_renderer.js]
[static/js/product_sales.js]
[font-awesome/4.7.0/css/font-awesome.min.css]
[index-2.html]
[icone91f.css]
[Convention/Atmosphere.html]
[Content/2019/NordicFuzzCon 2019 Style Guide.pdf]
[content/2019/image1.png]
[Convention/Theme.html]
[Convention/Charity.html]
[Content/2019/goh/keke_animation.gif]
[Content/2019/goh/keke.jpg]
[Program/GuestOfHonour.html]
[Content/2019/nl/woofster.jpg]
[Content/2019/nl/1493214221.oakspirit_ekorn.jpg]
[Content/2019/nl/1479062561.oakspirit_perf.jpg]
[Content/2019/nl/woofboy.jpg]
[Content/2019/nl/1494777132.oakspirit_zebracol.jpg]
[Program/NorthernLight.html]
[content/2018/mausie/hero.jpg]
[content/2018/mausie/Mausie.jpg]
[content/2018/mausie/Mausie-plushie.jpg]
[content/2018/mausie/Mausie-inflatable.jpg]
[content/2018/mausie/Mausie-hug.jpg]
[content/2018/mausie/Mausie-and-Brook.jpg]
[content/2018/mausie/Mausie-and-Kage.jpg]
[Convention/Mascot.html]
[Content/2018/conbook/hero.jpg]
[Content/2018/mausie/drawing.png]
[Convention/Conbook.html]
[Convention/ArtShow.html]
[Convention/DealersDen.html]
[Content/2019/dealer_map_2000px.png]
[Convention/DealerList.html]
[Content/2018/whatthefuzz/whatthefuz3.png]
[Content/2018/whatthefuzz/mausie.png]
[Content/2019/whatthefuzz/Issue 5 - Print file.pdf]
[Content/2019/whatthefuzz/Issue 4 - Print.pdf]
[Content/2019/whatthefuzz/Issue 3 - Print.pdf]
[Content/2019/whatthefuzz/Issue 2 - PRINT.pdf]
[Content/2019/whatthefuzz/Issue 1 - Print.pdf]
[Content/2018/whatthefuzz/WhatTheFuzz-2017-4.pdf]
[Content/2018/whatthefuzz/WhatTheFuzz-2017-3.pdf]
[Content/2018/whatthefuzz/WhatTheFuzz-2017-2.pdf]
[Content/2018/whatthefuzz/WhatTheFuzz-2017-1.pdf]
[Content/2018/whatthefuzz/WhatTheFuzz-2016-3.pdf]
[Content/2018/whatthefuzz/WhatTheFuzz-2016-2.pdf]
[Content/2018/whatthefuzz/WhatTheFuzz-2016-1.pdf]
[Convention/WhatTheFuzz.html]
[content/2017/images/open-house.jpg]
[Program/Schedule5306.html]
[Content/2018/open-house/1.jpg]
[Content/2018/open-house/2.jpg]
[Content/2018/open-house/3.jpg]
[Content/2018/open-house/4.jpg]
[Content/2018/open-house/5.jpg]
[Content/2018/open-house/6.jpg]
[Content/2018/bouncy-castle/1.jpg]
[Content/2018/cafe/1.jpg]
[Content/2018/cafe/2.jpg]
[Content/2018/events/charity-concert.jpg]
[Program/OpenHouse.html]
[Content/themes/2019/img/blushy-thing-loader.gif]
[Content/themes/2019/styles/icons8-nfc.min.css]
[Program/Schedule.html]
[Content/2018/gaming/01.jpg]
[Content/2018/gaming/dungeonsanddragons.jpg]
[Content/2018/events/catch-em-all.jpg]
[Content/2018/events/achievement-hunt.jpg]
[Program/Gaming.html]
[Content/2018/gaming/arcade-hero.jpg]
[Content/2018/gaming/02.jpg]
[Content/2018/gaming/03.jpg]
[Content/2018/gaming/04.jpg]
[Content/2018/gaming/05.jpg]
[Content/2018/gaming/06.jpg]
[Content/2018/gaming/nfc2017_arcade_overview.mp4]
[Program/Arcade.html]
[Program/BoardGames.html]
[Content/2019/rpg/RPG_bg_test_2.jpg]
[Content/2019/rpg/RPG-Poster-NFC2019-1.jpg]
[Content/2019/rpg/rpg_game_play_dice.jpg]
[Program/TabletopRPGs.html]
[Program/CatchEmAll.html]
[Program/AchievementHunting.html]
[content/2017/images/FursuitGroupPhoto.jpg]
[content/2017/images/Arcade.jpg]
[content/2017/images/Arcade-min.jpg]
[content/2017/images/Fureoke.jpg]
[content/2017/images/Fureoke-min.jpg]
[content/2017/images/Balloons.jpg]
[content/2017/images/Balloons-min.jpg]
[content/2017/images/Inflatables.jpg]
[content/2017/images/Inflatables-min.jpg]
[content/2017/images/DrawingPanel.jpg]
[content/2017/images/DrawingPanel-min.jpg]
[content/2017/images/FursuitGames.jpg]
[content/2017/images/FursuitGames-min.jpg]
[content/2017/images/CharityConcert.jpg]
[content/2017/images/CharityConcert-min.jpg]
[content/2017/images/FursuitParade.jpg]
[content/2017/images/FursuitParade-min.jpg]
[content/2017/images/RailwayMuseum.jpg]
[content/2017/images/RailwayMuseum-min.jpg]
[Program/Events.html]
[Content/2019/eat-boat/24857940665_17b57d3388_k.jpg]
[Content/2019/eat-boat/bc4.jpg]
[Content/2019/eat-boat/bc2.jpg]
[Content/2019/eat-boat/EventsEatSmrgbord1.jpg]
[Content/2019/eat-boat/bc3.jpg]
[Content/2019/eat-boat/EventsEatSmrgbord3.jpg]
[Program/FloatingChristmasSmorgasbord.html]
[Content/2019/partybus/buss nfc white.png]
[Content/2019/partybus/1.jpg]
[Content/2019/partybus/2.jpg]
[Content/2019/partybus/3.jpg]
[Program/PartyBus.html]
[Content/2018/cafe/hero.jpg]
[Content/2019/maid-cafe/group2017.jpg]
[Content/2019/maid-cafe/kamuniak_nfc2017.jpg]
[Content/2019/maid-cafe/hover2018.jpg]
[Content/2019/maid-cafe/Group2018a.jpg]
[Content/2019/maid-cafe/group2017a.jpg]
[Content/2019/maid-cafe/Fika2017.jpg]
[Content/2019/maid-cafe/CharityShark.jpg]
[Program/CafeSnowglobe.html]
[Content/2018/haunted-house/04.jpg]
[Content/2018/haunted-house/02.jpg]
[Content/2018/haunted-house/03.jpg]
[Content/2018/haunted-house/05.jpg]
[Content/2018/haunted-house/01.jpg]
[Program/HauntedHouse.html]
[Program/CharityConcert.html]
[Program/Ceremonies.html]
[Content/themes/2017/img/visa.png]
[Content/themes/2017/img/mastercard.png]
[Content/themes/2017/img/swish.png]
[Attending/Information.html]
[Content/2019/photo_2018-06-23_18-55-56.jpg]
[Content/2019/hoodies.jpg]
[Content/2019/wallet_outside.jpg]
[Content/2019/wallet_inside.jpg]
[Content/2019/ConventionDays.png]
[Attending/Prices.html]
[Registration/GetAvailabilityData.json]
[static/js/availability.js]
[Registration/Availability.html]
[Yodf74g.jpg]
[dZ9X95r.jpg]
[Content/2019/Bus Schedule (web).jpg]
[Venue/ShuttleBus.html]
[content/2017/images/ScandicInfraCity.jpg]
[Venue/ConventionHotel.html]
[Content/2019/map_2019_hires.jpg]
[Content/2019/map_2019.jpg]
[Content/2019/Hotel Map.pdf]
[Attending/Map.html]
[ajax/libs/leaflet/1.4.0/leaflet.css]
[content/2019/Rooms/ResSingleRoom1.jpg]
[content/2019/Rooms/ResSingleRoom1_4to3.jpg]
[content/2019/Rooms/ResSingleRoom2.jpg]
[content/2019/Rooms/ResSingleRoom2_4to3.jpg]
[content/2019/Rooms/ResSingleRoom3.jpg]
[content/2019/Rooms/ResSingleRoom3_4to3.jpg]
[content/2017/images/Rooms/DoubleRoom1.jpg]
[content/2017/images/Rooms/ResDoubleRoom1.jpg]
[content/2017/images/Rooms/DoubleRoom2.jpg]
[content/2017/images/Rooms/ResDoubleRoom2.jpg]
[content/2017/images/Rooms/DoubleRoom3.jpg]
[content/2017/images/Rooms/ResDoubleRoom3.jpg]
[content/2017/images/Rooms/Superior1.jpg]
[content/2017/images/Rooms/ResSuperior1.jpg]
[content/2017/images/Rooms/Superior2.jpg]
[content/2017/images/Rooms/ResSuperior2.jpg]
[content/2017/images/Rooms/Superior3.jpg]
[content/2017/images/Rooms/ResSuperior3.jpg]
[content/2017/images/Rooms/SuperiorFamily1.jpg]
[content/2017/images/Rooms/SuperiorFamily2.jpg]
[content/2017/images/Rooms/SuperiorFamily3.jpg]
[content/2017/images/Rooms/JuniorSuite1.jpg]
[content/2017/images/Rooms/JuniorSuite2.jpg]
[content/2017/images/Rooms/JuniorSuite3.jpg]
[content/2019/rooms/20180617_173035.jpg]
[content/2019/rooms/20180617_173408.jpg]
[content/2019/rooms/20180617_174358.jpg]
[content/2019/rooms/20180617_174100.jpg]
[content/2019/rooms/20180617_173530.jpg]
[content/2019/rooms/20180617_173657.jpg]
[content/2017/images/Rooms/HDMIUSBTV.jpg]
[content/2017/images/Rooms/ResHDMIUSBTV.jpg]
[Venue/HotelRooms.html]
[Venue/Faq.html]
[Venue/QuietFloors.html]
[Venue/BufferFloors.html]
[Venue/PartyWing.html]
[Content/2018/venue/secondary-hero.jpg]
[Venue/SecondHotelFaq-2.html]
[Content/2018/venue/secondary/1.jpg]
[Content/2018/venue/secondary/2.jpg]
[Content/2018/venue/secondary/4.jpg]
[Content/2018/venue/secondary/5.jpg]
[Venue/SecondaryHotelInformation.html]
[lMpX1Lk.png]
[Venue/SecondHotelFAQ.html]
[Venue/RoomSharing.html]
[Content/2018/venue/scandic.jpg]
[content/2018/fuzzbus/fuzzbus-pickup-point.pdf]
[Venue/TravelInformation.html]
[content/2018/fuzzbus/fuzzbus.jpg]
[content/2019/FuzzBus_New.png]
[Venue/FuzzBus.html]
[About/TermsAndConditions.html]
[About/RulesOfConduct.html]
[About/LiabilityWaiver.html]
[Attending/Policies.html]
[Attending/HelpWanted.html]
[JavaScript/GetAttendeeStatistics.json]
[static/js/Chart.min.js]
[static/js/chartjs-plugin-piechart-outlabels.js]
[static/js/attendee_statistics.js]
[Registration/Statistics.html]
[static/css/jquery-ui-1.10.4.custom.min.css]
[JavaScript/GetAttendeeList.json]
[JavaScript/GetAttendeeListCount.json]
[JavaScript/GetAttendeeListData.json]
[static/js/jquery-ui-1.10.3.min.js]
[static/js/attendees_list.js]
[Registration/AttendeeList.html]
[ajax/libs/flag-icon-css/3.1.0/css/flag-icon.min.css]
[JavaScript/GetFursuitList.json]
[JavaScript/GetFursuitListCount.json]
[static/js/fursuit_list.js]
[Registration/FursuitList.html]
[About/NordicFuzzCon.html]
[About/Furries.html]
[ef_banner.gif]
[banner_200_80.jpg]
[banner_200x80.jpg]
[banner-furrnion.gif]
[ad/banner.png]
[content/website/general/NFCBanner.gif]
[Other/FurryConventions.html]
[About/Contact.html]
[Program/Schedule5306.html]
[Venue/SecondHotelFaq-2.html]
[About/TermsAndConditions.html]
[About/RulesOfConduct.html]
[About/LiabilityWaiver.html]
[apple-touch-icon-72x72.png]
[apple-touch-icon-60x60.png]
[apple-touch-icon-114x114.png]
[apple-touch-icon-120x120.png]
[apple-touch-icon-152x152.png]
[favicon-32x32.png]
[android-chrome-192x192.png]
[webmanifest.json]
[safari-pinned-tab.svg]
[ajax/libs/modernizr/2.8.3/modernizr.min.js]
[mstile-144x144.png]
[Content/2019/goh/keke_art.jpg]
[Content/2019/charity/image1.jpg]
[Content/themes/2019/img/nfc_webgraphics1_512px_crsh.png]
[Content/themes/2019/img/nfc_webgraphics2_512px_crsh.png]
[Content/2018/events/ceremonies.jpg]
[Content/2019/eat-boat/EventsEatSmrgbord2.jpg]
[Content/2019/nl/IMG_6579 2.jpg]
[Content/themes/2019/fonts/glyphicons-halflings-regular.eot]
[content/2019/image1.png]
[Content/2019/NordicFuzzCon 2019 Style Guide.pdf]
[Content/2019/goh/keke.jpg]
[Content/2019/goh/keke_animation.gif]
[Content/themes/2019/fonts/glyphicons-halflings-regulard41d.eot]
[Content/2019/nl/1479062561.oakspirit_perf.jpg]
[Content/2019/nl/woofster.jpg]
[Content/2019/nl/1493214221.oakspirit_ekorn.jpg]
[Content/2019/nl/woofboy.jpg]
[content/2018/mausie/hero.jpg]
[Content/2019/nl/1494777132.oakspirit_zebracol.jpg]
[content/2018/mausie/Mausie.jpg]
[content/2018/mausie/Mausie-plushie.jpg]
[content/2018/mausie/Mausie-inflatable.jpg]
[Content/themes/2019/fonts/glyphicons-halflings-regular.woff2]
[content/2018/mausie/Mausie-hug.jpg]
[content/2018/mausie/Mausie-and-Brook.jpg]
[content/2018/mausie/Mausie-and-Kage.jpg]
[Content/2018/mausie/drawing.png]
[Content/2018/conbook/hero.jpg]
[Content/2019/dealer_map_2000px.png]
[Content/2018/whatthefuzz/whatthefuz3.png]
[Content/2018/whatthefuzz/mausie.png]
[Content/themes/2019/fonts/glyphicons-halflings-regular.woff]
[Content/2019/whatthefuzz/Issue 5 - Print file.pdf]
[Content/2019/whatthefuzz/Issue 4 - Print.pdf]
[Content/2019/whatthefuzz/Issue 3 - Print.pdf]
[Content/2019/whatthefuzz/Issue 2 - PRINT.pdf]
[Content/2018/whatthefuzz/WhatTheFuzz-2017-4.pdf]
[Content/2019/whatthefuzz/Issue 1 - Print.pdf]
[Content/2018/whatthefuzz/WhatTheFuzz-2017-3.pdf]
[Content/themes/2019/fonts/glyphicons-halflings-regular.ttf]
[Content/2018/whatthefuzz/WhatTheFuzz-2017-2.pdf]
[Content/2018/whatthefuzz/WhatTheFuzz-2017-1.pdf]
[Content/2018/whatthefuzz/WhatTheFuzz-2016-3.pdf]
[Content/2018/whatthefuzz/WhatTheFuzz-2016-2.pdf]
[content/2017/images/open-house.jpg]
[Content/2018/whatthefuzz/WhatTheFuzz-2016-1.pdf]
[Content/themes/2019/styles/nfc_bootstrap.min.css]
[Content/2018/open-house/1.jpg]
[Content/2018/open-house/2.jpg]
[Content/2018/open-house/3.jpg]
[Content/2018/open-house/4.jpg]
[Content/2018/open-house/6.jpg]
[Content/2018/open-house/5.jpg]
[Content/themes/2019/styles/webfonts/36177A_0_0.eot]
[Content/2018/bouncy-castle/1.jpg]
[Content/2018/cafe/1.jpg]
[Content/2018/cafe/2.jpg]
[Content/themes/2019/styles/webfonts/36177A_0_0d41d.eot]
[Content/2018/events/charity-concert.jpg]
[Content/themes/2019/img/blushy-thing-loader.gif]
[Content/2018/gaming/01.jpg]
[Content/2018/events/catch-em-all.jpg]
[Content/2018/gaming/dungeonsanddragons.jpg]
[Content/2018/gaming/03.jpg]
[Content/2018/events/achievement-hunt.jpg]
[Content/2018/gaming/arcade-hero.jpg]
[Content/2018/gaming/02.jpg]
[Content/2018/gaming/04.jpg]
[Content/2018/gaming/05.jpg]
[Content/themes/2019/styles/webfonts/36177A_1_0.eot]
[Content/2018/gaming/06.jpg]
[Content/2018/gaming/nfc2017_arcade_overview.mp4]
[Content/themes/2019/styles/webfonts/36177A_1_0d41d.eot]
[Content/2019/rpg/RPG_bg_test_2.jpg]
[Content/2019/rpg/RPG-Poster-NFC2019-1.jpg]
[Content/2019/rpg/rpg_game_play_dice.jpg]
[content/2017/images/FursuitGroupPhoto.jpg]
[content/2017/images/Arcade.jpg]
[content/2017/images/Arcade-min.jpg]
[content/2017/images/Fureoke-min.jpg]
[content/2017/images/Fureoke.jpg]
[Content/themes/2019/styles/webfonts/36177A_2_0.eot]
[Content/themes/2019/styles/webfonts/36177A_2_0d41d.eot]
[content/2017/images/Balloons.jpg]
[content/2017/images/Balloons-min.jpg]
[content/2017/images/Inflatables-min.jpg]
[content/2017/images/Inflatables.jpg]
[content/2017/images/DrawingPanel.jpg]
[content/2017/images/DrawingPanel-min.jpg]
[content/2017/images/FursuitGames.jpg]
[content/2017/images/FursuitGames-min.jpg]
[Content/themes/2019/fonts/Poly-Regular.136.delayed]
[content/2017/images/CharityConcert-min.jpg]
[content/2017/images/CharityConcert.jpg]
[content/2017/images/FursuitParade-min.jpg]
[content/2017/images/FursuitParade.jpg]
[content/2017/images/RailwayMuseum.jpg]
[Content/themes/2019/fonts/learning_curve_bold_ot_tt.137.delayed]
[content/2017/images/RailwayMuseum-min.jpg]
[Content/2019/eat-boat/24857940665_17b57d3388_k.jpg]
[Content/2019/eat-boat/bc4.jpg]
[Content/2019/eat-boat/bc2.jpg]
[Content/2019/eat-boat/EventsEatSmrgbord1.jpg]
[Content/2019/eat-boat/bc3.jpg]
[Content/2019/eat-boat/EventsEatSmrgbord3.jpg]
[Content/2019/partybus/buss nfc white.png]
[Content/themes/2019/img/background/nfc-banner_md_blurred.jpg]
[Content/themes/2019/img/background/Background_2000px_blurred.jpg]
[Content/2019/partybus/1.jpg]
[Content/2019/partybus/2.jpg]
[Content/2019/partybus/3.jpg]
[Content/2018/cafe/hero.jpg]
[Content/2019/maid-cafe/group2017.jpg]
[Content/themes/2019/img/groovepaper-lightened-2.png]
[Content/2019/maid-cafe/kamuniak_nfc2017.jpg]
[Content/2019/maid-cafe/hover2018.jpg]
[Content/2019/maid-cafe/Group2018a.jpg]
[Content/themes/2019/img/background/Snowstorm-min-800px-crsh.png]
[Content/2019/maid-cafe/Fika2017.jpg]
[Content/2019/maid-cafe/group2017a.jpg]
[Content/2019/maid-cafe/CharityShark.jpg]
[Content/2018/haunted-house/04.jpg]
[Content/2018/haunted-house/02.jpg]
[Content/2018/haunted-house/03.jpg]
[Content/themes/2019/img/background/Background_cmp_2000px.jpg]
[Content/2018/haunted-house/01.jpg]
[Content/themes/2017/img/visa.png]
[Content/2018/haunted-house/05.jpg]
[Content/themes/2017/img/mastercard.png]
[Content/themes/2019/img/icons8-gift-480-padded-tsp.png]
[Content/themes/2017/img/swish.png]
[Content/2019/photo_2018-06-23_18-55-56.jpg]
[Content/2019/hoodies.jpg]
[Content/themes/2019/img/Icicle_Border.png]
[Content/2019/wallet_outside.jpg]
[Content/2019/ConventionDays.png]
[Content/2019/wallet_inside.jpg]
[Yodf74g.jpg]
[dZ9X95r.jpg]
[Registration/GetAvailabilityData.json]
[Content/2019/Bus Schedule (web).jpg]
[Content/2019/map_2019_hires.jpg]
[Content/themes/2019/img/path2985.png]
[content/2017/images/ScandicInfraCity.jpg]
[content/2019/Rooms/ResSingleRoom1.jpg]
[Content/2019/map_2019.jpg]
[Content/2019/Hotel Map.pdf]
[content/2019/Rooms/ResSingleRoom2.jpg]
[Content/themes/2019/img/background/nfc-banner_md.jpg]
[content/2019/Rooms/ResSingleRoom3.jpg]
[content/2019/Rooms/ResSingleRoom3_4to3.jpg]
[Content/themes/2019/img/NFCicon.png]
[content/2017/images/Rooms/DoubleRoom1.jpg]
[content/2017/images/Rooms/ResDoubleRoom1.jpg]
[content/2017/images/Rooms/DoubleRoom3.jpg]
[content/2017/images/Rooms/DoubleRoom2.jpg]
[content/2017/images/Rooms/ResSuperior1.jpg]
[content/2017/images/Rooms/ResDoubleRoom2.jpg]
[content/2017/images/Rooms/Superior2.jpg]
[content/2017/images/Rooms/Superior1.jpg]
[Content/themes/2019/styles/nfc.css]
[content/2017/images/Rooms/ResSuperior2.jpg]
[content/2017/images/Rooms/Superior3.jpg]
[content/2017/images/Rooms/JuniorSuite1.jpg]
[Content/themes/2019/styles/ekko-lightbox.css]
[content/2017/images/Rooms/ResSuperior3.jpg]
[content/2017/images/Rooms/SuperiorFamily2.jpg]
[content/2017/images/Rooms/SuperiorFamily1.jpg]
[content/2017/images/Rooms/SuperiorFamily3.jpg]
[content/2017/images/Rooms/JuniorSuite2.jpg]
[static/css/justifiedGallery.min.css]
[content/2017/images/Rooms/JuniorSuite3.jpg]
[content/2019/rooms/20180617_173035.jpg]
[content/2019/rooms/20180617_173408.jpg]
[Content/themes/2019/img/logo-small-tsp-edit.svg]
[content/2019/rooms/20180617_174358.jpg]
[content/2019/rooms/20180617_174100.jpg]
[content/2019/rooms/20180617_173530.jpg]
[content/2019/rooms/20180617_173657.jpg]
[content/2017/images/Rooms/HDMIUSBTV.jpg]
[Content/themes/2019/img/icons8-chevron-down-filled-white.svg]
[content/2017/images/Rooms/ResHDMIUSBTV.jpg]
[Content/2018/venue/secondary-hero.jpg]
[Content/2018/venue/secondary/1.jpg]
[Content/2018/venue/secondary/2.jpg]
[Content/2018/venue/secondary/5.jpg]
[DTD/sodipodi-0.143.delayed]
[Content/2018/venue/secondary/4.jpg]
[Content/2018/venue/scandic.jpg]
[content/2018/fuzzbus/fuzzbus-pickup-point.pdf]
[lMpX1Lk.png]
[Content/themes/2019/img/treeline_cec.svg]
[Content/themes/2019/img/prev-nfcs/icons8-viking-ship.svg]
[Content/themes/2019/img/prev-nfcs/icons8-gears.svg]
[Content/themes/2019/img/prev-nfcs/icons8-scandinavian-filled.svg]
[JavaScript/GetAttendeeList.json]
[Content/themes/2019/img/prev-nfcs/icons8-coral.svg]
[content/2018/fuzzbus/fuzzbus.jpg]
[content/2019/FuzzBus_New.png]
[Content/themes/2019/img/prev-nfcs/icons8-hiragana-na-filled.svg]
[JavaScript/GetFursuitList.json]
[static/js/Chart.min.js]
[static/js/chartjs-plugin-piechart-outlabels.js]
[Content/themes/2019/img/prev-nfcs/icons8-chichen-itza-filled.svg]
[static/js/jquery-ui-1.10.3.min.js]
[banner_200_80.jpg]
[ad/banner.png]
[JavaScript/GetAttendeeStatistics.json]
[JavaScript/GetAttendeeListCount.json]
[JavaScript/GetAttendeeListData.json]
[static/js/attendees_list.js]
[static/js/fursuit_list.js]
[JavaScript/GetFursuitListCount.json]
[content/website/general/NFCBanner.gif]
[font-awesome/4.7.0/css/font-awesome.min.css]
[font-awesome/4.7.0/fonts/fontawesome-webfont3e6e.svg]
[Program/Schedule5306.html]
[Content/themes/2019/fonts/glyphicons-halflings-regular.woff2]
[Content/themes/2019/fonts/glyphicons-halflings-regular.eot]
[Content/themes/2019/fonts/glyphicons-halflings-regular.woff]
[Content/themes/2019/fonts/glyphicons-halflings-regulard41d.eot]
[Content/themes/2019/fonts/glyphicons-halflings-regular.ttf]
[Content/themes/2019/styles/webfonts/36177A_0_0.eot]
[Content/themes/2019/styles/webfonts/36177A_0_0d41d.eot]
[Content/themes/2019/styles/webfonts/36177A_1_0.eot]
[Content/themes/2019/styles/webfonts/36177A_1_0d41d.eot]
[Content/themes/2019/fonts/nfc.eot]
[Content/themes/2019/styles/webfonts/36177A_2_0.eot]
[Content/themes/2019/styles/webfonts/36177A_2_0d41d.eot]
[Content/themes/2019/fonts/nfcd41d.eot]
[Content/themes/2019/img/background/Background_2000px_blurred.jpg]
[Content/themes/2019/img/background/nfc-banner_md_blurred.jpg]
[Content/themes/2019/fonts/Poly-Regular.otf]
[Content/themes/2019/fonts/learning_curve_bold_ot_tt.ttf]
[Content/themes/2019/img/groovepaper-lightened-2.png]
[Content/themes/2019/fonts/nfc.woff2]
[Content/themes/2019/img/icons8-gift-480-padded-tsp.png]
[Content/themes/2019/img/background/Snowstorm-min-800px-crsh.png]
[Content/themes/2019/img/background/Background_cmp_2000px.jpg]
[Content/themes/2019/img/Icicle_Border.png]
[Content/themes/2019/fonts/nfc.woff]
[Content/themes/2019/img/path2985.png]
[Content/themes/2019/img/background/nfc-banner_md.jpg]
[Content/themes/2019/img/NFCicon.png]
[Content/themes/2019/fonts/nfc.ttf]
[Content/themes/2019/fonts/nfc.eot]
[Content/themes/2019/fonts/nfcd41d.eot]
[Content/themes/2019/fonts/nfc.woff]
[Content/themes/2019/fonts/nfc.woff2]
[Content/themes/2019/fonts/nfc.ttf]
[Content/themes/2019/styles/icons8-nfc.min.css]
[ajax/libs/leaflet/1.4.0/images/layers.png]
[ajax/libs/leaflet/1.4.0/images/layers.png]
[ajax/libs/leaflet/1.4.0/images/layers-2x.png]
[ajax/libs/leaflet/1.4.0/images/marker-icon.png]
[ajax/libs/leaflet/1.4.0/leaflet.css]
[Venue/SecondHotelFaq-2.html]
[ajax/libs/leaflet/1.4.0/images/layers-2x.png]
[ajax/libs/leaflet/1.4.0/images/marker-icon.png]
[About/TermsAndConditions.html]
[static/css/jquery-ui-1.10.4.custom.min.css]
[ajax/libs/flag-icon-css/3.1.0/flags/4x3/ad.svg]
[ajax/libs/flag-icon-css/3.1.0/flags/1x1/ad.svg]
[ajax/libs/flag-icon-css/3.1.0/flags/4x3/ae.svg]
[ajax/libs/flag-icon-css/3.1.0/flags/1x1/ae.svg]
[ajax/libs/flag-icon-css/3.1.0/flags/4x3/af.svg]
[ajax/libs/flag-icon-css/3.1.0/flags/1x1/af.svg]
[ajax/libs/flag-icon-css/3.1.0/flags/4x3/ag.svg]
[ajax/libs/flag-icon-css/3.1.0/flags/1x1/ag.svg]
[ajax/libs/flag-icon-css/3.1.0/flags/4x3/ai.svg]
[ajax/libs/flag-icon-css/3.1.0/flags/1x1/ai.svg]
[ajax/libs/flag-icon-css/3.1.0/flags/4x3/al.svg]
[ajax/libs/flag-icon-css/3.1.0/flags/1x1/al.svg]
[ajax/libs/flag-icon-css/3.1.0/flags/4x3/am.svg]
[ajax/libs/flag-icon-css/3.1.0/flags/1x1/am.svg]
[ajax/libs/flag-icon-css/3.1.0/flags/4x3/ao.svg]
[ajax/libs/flag-icon-css/3.1.0/flags/1x1/ao.svg]
[ajax/libs/flag-icon-css/3.1.0/flags/4x3/aq.svg]
[ajax/libs/flag-icon-css/3.1.0/flags/1x1/aq.svg]
[ajax/libs/flag-icon-css/3.1.0/flags/4x3/ar.svg]
[ajax/libs/flag-icon-css/3.1.0/flags/1x1/ar.svg]
[ajax/libs/flag-icon-css/3.1.0/flags/4x3/as.svg]
[ajax/libs/flag-icon-css/3.1.0/flags/1x1/as.svg]
[ajax/libs/flag-icon-css/3.1.0/flags/4x3/at.svg]
[ajax/libs/flag-icon-css/3.1.0/flags/1x1/at.svg]
[ajax/libs/flag-icon-css/3.1.0/flags/4x3/au.svg]
[ajax/libs/flag-icon-css/3.1.0/flags/1x1/au.svg]
[ajax/libs/flag-icon-css/3.1.0/flags/4x3/aw.svg]
[ajax/libs/flag-icon-css/3.1.0/flags/1x1/aw.svg]
[ajax/libs/flag-icon-css/3.1.0/flags/4x3/ax.svg]
[ajax/libs/flag-icon-css/3.1.0/flags/1x1/ax.svg]
[ajax/libs/flag-icon-css/3.1.0/flags/4x3/az.svg]
[ajax/libs/flag-icon-css/3.1.0/flags/1x1/az.svg]
[ajax/libs/flag-icon-css/3.1.0/flags/4x3/ba.svg]
[ajax/libs/flag-icon-css/3.1.0/flags/1x1/ba.svg]
[ajax/libs/flag-icon-css/3.1.0/flags/4x3/bb.svg]
[ajax/libs/flag-icon-css/3.1.0/flags/1x1/bb.svg]
[ajax/libs/flag-icon-css/3.1.0/flags/4x3/bd.svg]
[ajax/libs/flag-icon-css/3.1.0/flags/1x1/bd.svg]
[ajax/libs/flag-icon-css/3.1.0/flags/4x3/be.svg]
[ajax/libs/flag-icon-css/3.1.0/flags/1x1/be.svg]
[ajax/libs/flag-icon-css/3.1.0/flags/4x3/bf.svg]
[ajax/libs/flag-icon-css/3.1.0/flags/1x1/bf.svg]
[ajax/libs/flag-icon-css/3.1.0/flags/4x3/bg.svg]
[ajax/libs/flag-icon-css/3.1.0/flags/1x1/bg.svg]
[ajax/libs/flag-icon-css/3.1.0/flags/4x3/bh.svg]
[ajax/libs/flag-icon-css/3.1.0/flags/1x1/bh.svg]
[ajax/libs/flag-icon-css/3.1.0/flags/4x3/bi.svg]
[ajax/libs/flag-icon-css/3.1.0/flags/1x1/bi.svg]
[ajax/libs/flag-icon-css/3.1.0/flags/4x3/bj.svg]
[ajax/libs/flag-icon-css/3.1.0/flags/1x1/bj.svg]
[ajax/libs/flag-icon-css/3.1.0/flags/4x3/bl.svg]
[ajax/libs/flag-icon-css/3.1.0/flags/1x1/bl.svg]
[ajax/libs/flag-icon-css/3.1.0/flags/4x3/bm.svg]
[ajax/libs/flag-icon-css/3.1.0/flags/1x1/bm.svg]
[ajax/libs/flag-icon-css/3.1.0/flags/4x3/bn.svg]
[ajax/libs/flag-icon-css/3.1.0/flags/1x1/bn.svg]
[ajax/libs/flag-icon-css/3.1.0/flags/4x3/bo.svg]
[ajax/libs/flag-icon-css/3.1.0/flags/1x1/bo.svg]
[ajax/libs/flag-icon-css/3.1.0/flags/4x3/bq.svg]
[ajax/libs/flag-icon-css/3.1.0/flags/1x1/bq.svg]
[ajax/libs/flag-icon-css/3.1.0/flags/4x3/br.svg]
[ajax/libs/flag-icon-css/3.1.0/flags/1x1/br.svg]
[ajax/libs/flag-icon-css/3.1.0/flags/4x3/bs.svg]
[ajax/libs/flag-icon-css/3.1.0/flags/1x1/bs.svg]
[ajax/libs/flag-icon-css/3.1.0/flags/4x3/bt.svg]
[ajax/libs/flag-icon-css/3.1.0/flags/1x1/bt.svg]
[ajax/libs/flag-icon-css/3.1.0/flags/4x3/bv.svg]
[ajax/libs/flag-icon-css/3.1.0/flags/1x1/bv.svg]
[ajax/libs/flag-icon-css/3.1.0/flags/4x3/bw.svg]
[ajax/libs/flag-icon-css/3.1.0/flags/1x1/bw.svg]
[ajax/libs/flag-icon-css/3.1.0/flags/4x3/by.svg]
[ajax/libs/flag-icon-css/3.1.0/flags/1x1/by.svg]
[ajax/libs/flag-icon-css/3.1.0/flags/4x3/bz.svg]
[ajax/libs/flag-icon-css/3.1.0/flags/1x1/bz.svg]
[ajax/libs/flag-icon-css/3.1.0/flags/4x3/ca.svg]
[ajax/libs/flag-icon-css/3.1.0/flags/1x1/ca.svg]
[ajax/libs/flag-icon-css/3.1.0/flags/4x3/cc.svg]
[ajax/libs/flag-icon-css/3.1.0/flags/1x1/cc.svg]
[ajax/libs/flag-icon-css/3.1.0/flags/4x3/cd.svg]
[ajax/libs/flag-icon-css/3.1.0/flags/1x1/cd.svg]
[ajax/libs/flag-icon-css/3.1.0/flags/4x3/cf.svg]
[ajax/libs/flag-icon-css/3.1.0/flags/1x1/cf.svg]
[ajax/libs/flag-icon-css/3.1.0/flags/4x3/cg.svg]
[ajax/libs/flag-icon-css/3.1.0/flags/1x1/cg.svg]
[ajax/libs/flag-icon-css/3.1.0/flags/4x3/ch.svg]
[ajax/libs/flag-icon-css/3.1.0/flags/1x1/ch.svg]
[ajax/libs/flag-icon-css/3.1.0/flags/4x3/ci.svg]
[ajax/libs/flag-icon-css/3.1.0/flags/1x1/ci.svg]
[ajax/libs/flag-icon-css/3.1.0/flags/4x3/ck.svg]
[ajax/libs/flag-icon-css/3.1.0/flags/1x1/ck.svg]
[ajax/libs/flag-icon-css/3.1.0/flags/4x3/cl.svg]
[ajax/libs/flag-icon-css/3.1.0/flags/1x1/cl.svg]
[ajax/libs/flag-icon-css/3.1.0/flags/4x3/cm.svg]
[ajax/libs/flag-icon-css/3.1.0/flags/1x1/cm.svg]
[ajax/libs/flag-icon-css/3.1.0/flags/4x3/cn.svg]
[ajax/libs/flag-icon-css/3.1.0/flags/1x1/cn.svg]
[ajax/libs/flag-icon-css/3.1.0/flags/4x3/co.svg]
[ajax/libs/flag-icon-css/3.1.0/flags/1x1/co.svg]
[ajax/libs/flag-icon-css/3.1.0/flags/4x3/cr.svg]
[ajax/libs/flag-icon-css/3.1.0/flags/1x1/cr.svg]
[ajax/libs/flag-icon-css/3.1.0/flags/4x3/cu.svg]
[ajax/libs/flag-icon-css/3.1.0/flags/1x1/cu.svg]
[ajax/libs/flag-icon-css/3.1.0/flags/4x3/cv.svg]
[ajax/libs/flag-icon-css/3.1.0/flags/1x1/cv.svg]
[ajax/libs/flag-icon-css/3.1.0/flags/4x3/cw.svg]
[ajax/libs/flag-icon-css/3.1.0/flags/1x1/cw.svg]
[ajax/libs/flag-icon-css/3.1.0/flags/4x3/cx.svg]
[ajax/libs/flag-icon-css/3.1.0/flags/1x1/cx.svg]
[ajax/libs/flag-icon-css/3.1.0/flags/4x3/cy.svg]
[ajax/libs/flag-icon-css/3.1.0/flags/1x1/cy.svg]
[ajax/libs/flag-icon-css/3.1.0/flags/4x3/cz.svg]
[ajax/libs/flag-icon-css/3.1.0/flags/1x1/cz.svg]
[ajax/libs/flag-icon-css/3.1.0/flags/4x3/de.svg]
[ajax/libs/flag-icon-css/3.1.0/flags/1x1/de.svg]
[ajax/libs/flag-icon-css/3.1.0/flags/4x3/dj.svg]
[ajax/libs/flag-icon-css/3.1.0/flags/1x1/dj.svg]
[ajax/libs/flag-icon-css/3.1.0/flags/4x3/dk.svg]
[ajax/libs/flag-icon-css/3.1.0/flags/1x1/dk.svg]
[ajax/libs/flag-icon-css/3.1.0/flags/4x3/dm.svg]
[ajax/libs/flag-icon-css/3.1.0/flags/1x1/dm.svg]
[ajax/libs/flag-icon-css/3.1.0/flags/4x3/do.svg]
[ajax/libs/flag-icon-css/3.1.0/flags/1x1/do.svg]
[ajax/libs/flag-icon-css/3.1.0/flags/4x3/dz.svg]
[ajax/libs/flag-icon-css/3.1.0/flags/1x1/dz.svg]
[ajax/libs/flag-icon-css/3.1.0/flags/4x3/ec.svg]
[ajax/libs/flag-icon-css/3.1.0/flags/1x1/ec.svg]
[ajax/libs/flag-icon-css/3.1.0/flags/4x3/ee.svg]
[ajax/libs/flag-icon-css/3.1.0/flags/1x1/ee.svg]
[ajax/libs/flag-icon-css/3.1.0/flags/4x3/eg.svg]
[ajax/libs/flag-icon-css/3.1.0/flags/1x1/eg.svg]
[ajax/libs/flag-icon-css/3.1.0/flags/4x3/eh.svg]
[ajax/libs/flag-icon-css/3.1.0/flags/1x1/eh.svg]
[ajax/libs/flag-icon-css/3.1.0/flags/4x3/er.svg]
[ajax/libs/flag-icon-css/3.1.0/flags/1x1/er.svg]
[ajax/libs/flag-icon-css/3.1.0/flags/4x3/es.svg]
[ajax/libs/flag-icon-css/3.1.0/flags/1x1/es.svg]
[ajax/libs/flag-icon-css/3.1.0/flags/4x3/et.svg]
[ajax/libs/flag-icon-css/3.1.0/flags/1x1/et.svg]
[ajax/libs/flag-icon-css/3.1.0/flags/4x3/fi.svg]
[ajax/libs/flag-icon-css/3.1.0/flags/1x1/fi.svg]
[ajax/libs/flag-icon-css/3.1.0/flags/4x3/fj.svg]
[ajax/libs/flag-icon-css/3.1.0/flags/1x1/fj.svg]
[ajax/libs/flag-icon-css/3.1.0/flags/4x3/fk.svg]
[ajax/libs/flag-icon-css/3.1.0/flags/1x1/fk.svg]
[ajax/libs/flag-icon-css/3.1.0/flags/4x3/fm.svg]
[ajax/libs/flag-icon-css/3.1.0/flags/1x1/fm.svg]
[ajax/libs/flag-icon-css/3.1.0/flags/4x3/fo.svg]
[ajax/libs/flag-icon-css/3.1.0/flags/1x1/fo.svg]
[ajax/libs/flag-icon-css/3.1.0/flags/4x3/fr.svg]
[ajax/libs/flag-icon-css/3.1.0/flags/1x1/fr.svg]
[ajax/libs/flag-icon-css/3.1.0/flags/4x3/ga.svg]
[ajax/libs/flag-icon-css/3.1.0/flags/1x1/ga.svg]
[ajax/libs/flag-icon-css/3.1.0/flags/4x3/gb.svg]
[ajax/libs/flag-icon-css/3.1.0/flags/1x1/gb.svg]
[ajax/libs/flag-icon-css/3.1.0/flags/4x3/gd.svg]
[ajax/libs/flag-icon-css/3.1.0/flags/1x1/gd.svg]
[ajax/libs/flag-icon-css/3.1.0/flags/4x3/ge.svg]
[ajax/libs/flag-icon-css/3.1.0/flags/1x1/ge.svg]
[ajax/libs/flag-icon-css/3.1.0/flags/4x3/gf.svg]
[ajax/libs/flag-icon-css/3.1.0/flags/1x1/gf.svg]
[ajax/libs/flag-icon-css/3.1.0/flags/4x3/gg.svg]
[ajax/libs/flag-icon-css/3.1.0/flags/1x1/gg.svg]
[ajax/libs/flag-icon-css/3.1.0/flags/4x3/gh.svg]
[ajax/libs/flag-icon-css/3.1.0/flags/1x1/gh.svg]
[ajax/libs/flag-icon-css/3.1.0/flags/4x3/gi.svg]
[ajax/libs/flag-icon-css/3.1.0/flags/1x1/gi.svg]
[ajax/libs/flag-icon-css/3.1.0/flags/4x3/gl.svg]
[ajax/libs/flag-icon-css/3.1.0/flags/1x1/gl.svg]
[ajax/libs/flag-icon-css/3.1.0/flags/4x3/gm.svg]
[ajax/libs/flag-icon-css/3.1.0/flags/1x1/gm.svg]
[ajax/libs/flag-icon-css/3.1.0/flags/4x3/gn.svg]
[ajax/libs/flag-icon-css/3.1.0/flags/1x1/gn.svg]
[ajax/libs/flag-icon-css/3.1.0/flags/4x3/gp.svg]
[ajax/libs/flag-icon-css/3.1.0/flags/1x1/gp.svg]
[ajax/libs/flag-icon-css/3.1.0/flags/4x3/gq.svg]
[ajax/libs/flag-icon-css/3.1.0/flags/1x1/gq.svg]
[ajax/libs/flag-icon-css/3.1.0/flags/4x3/gr.svg]
[ajax/libs/flag-icon-css/3.1.0/flags/1x1/gr.svg]
[ajax/libs/flag-icon-css/3.1.0/flags/4x3/gs.svg]
[ajax/libs/flag-icon-css/3.1.0/flags/1x1/gs.svg]
[ajax/libs/flag-icon-css/3.1.0/flags/4x3/gt.svg]
[ajax/libs/flag-icon-css/3.1.0/flags/1x1/gt.svg]
[ajax/libs/flag-icon-css/3.1.0/flags/4x3/gu.svg]
[ajax/libs/flag-icon-css/3.1.0/flags/1x1/gu.svg]
[ajax/libs/flag-icon-css/3.1.0/flags/4x3/gw.svg]
[ajax/libs/flag-icon-css/3.1.0/flags/1x1/gw.svg]
[ajax/libs/flag-icon-css/3.1.0/flags/4x3/gy.svg]
[ajax/libs/flag-icon-css/3.1.0/flags/1x1/gy.svg]
[ajax/libs/flag-icon-css/3.1.0/flags/4x3/hk.svg]
[ajax/libs/flag-icon-css/3.1.0/flags/1x1/hk.svg]
[ajax/libs/flag-icon-css/3.1.0/flags/4x3/hm.svg]
[ajax/libs/flag-icon-css/3.1.0/flags/1x1/hm.svg]
[ajax/libs/flag-icon-css/3.1.0/flags/4x3/hn.svg]
[ajax/libs/flag-icon-css/3.1.0/flags/1x1/hn.svg]
[ajax/libs/flag-icon-css/3.1.0/flags/4x3/hr.svg]
[ajax/libs/flag-icon-css/3.1.0/flags/1x1/hr.svg]
[ajax/libs/flag-icon-css/3.1.0/flags/4x3/ht.svg]
[ajax/libs/flag-icon-css/3.1.0/flags/1x1/ht.svg]
[ajax/libs/flag-icon-css/3.1.0/flags/4x3/hu.svg]
[ajax/libs/flag-icon-css/3.1.0/flags/1x1/hu.svg]
[ajax/libs/flag-icon-css/3.1.0/flags/4x3/id.svg]
[ajax/libs/flag-icon-css/3.1.0/flags/1x1/id.svg]
[ajax/libs/flag-icon-css/3.1.0/flags/4x3/ie.svg]
[ajax/libs/flag-icon-css/3.1.0/flags/1x1/ie.svg]
[ajax/libs/flag-icon-css/3.1.0/flags/4x3/il.svg]
[ajax/libs/flag-icon-css/3.1.0/flags/1x1/il.svg]
[ajax/libs/flag-icon-css/3.1.0/flags/4x3/im.svg]
[ajax/libs/flag-icon-css/3.1.0/flags/1x1/im.svg]
[ajax/libs/flag-icon-css/3.1.0/flags/4x3/in.svg]
[ajax/libs/flag-icon-css/3.1.0/flags/1x1/in.svg]
[ajax/libs/flag-icon-css/3.1.0/flags/4x3/io.svg]
[ajax/libs/flag-icon-css/3.1.0/flags/1x1/io.svg]
[ajax/libs/flag-icon-css/3.1.0/flags/4x3/iq.svg]
[ajax/libs/flag-icon-css/3.1.0/flags/1x1/iq.svg]
[ajax/libs/flag-icon-css/3.1.0/flags/4x3/ir.svg]
[ajax/libs/flag-icon-css/3.1.0/flags/1x1/ir.svg]
[ajax/libs/flag-icon-css/3.1.0/flags/4x3/is.svg]
[ajax/libs/flag-icon-css/3.1.0/flags/1x1/is.svg]
[ajax/libs/flag-icon-css/3.1.0/flags/4x3/it.svg]
[ajax/libs/flag-icon-css/3.1.0/flags/1x1/it.svg]
[ajax/libs/flag-icon-css/3.1.0/flags/4x3/je.svg]
[ajax/libs/flag-icon-css/3.1.0/flags/1x1/je.svg]
[ajax/libs/flag-icon-css/3.1.0/flags/4x3/jm.svg]
[ajax/libs/flag-icon-css/3.1.0/flags/1x1/jm.svg]
[ajax/libs/flag-icon-css/3.1.0/flags/4x3/jo.svg]
[ajax/libs/flag-icon-css/3.1.0/flags/1x1/jo.svg]
[ajax/libs/flag-icon-css/3.1.0/flags/4x3/jp.svg]
[ajax/libs/flag-icon-css/3.1.0/flags/1x1/jp.svg]
[ajax/libs/flag-icon-css/3.1.0/flags/4x3/ke.svg]
[ajax/libs/flag-icon-css/3.1.0/flags/1x1/ke.svg]
[ajax/libs/flag-icon-css/3.1.0/flags/4x3/kg.svg]
[ajax/libs/flag-icon-css/3.1.0/flags/1x1/kg.svg]
[ajax/libs/flag-icon-css/3.1.0/flags/4x3/kh.svg]
[ajax/libs/flag-icon-css/3.1.0/flags/1x1/kh.svg]
[ajax/libs/flag-icon-css/3.1.0/flags/4x3/ki.svg]
[ajax/libs/flag-icon-css/3.1.0/flags/1x1/ki.svg]
[ajax/libs/flag-icon-css/3.1.0/flags/4x3/km.svg]
[ajax/libs/flag-icon-css/3.1.0/flags/1x1/km.svg]
[ajax/libs/flag-icon-css/3.1.0/flags/4x3/kn.svg]
[ajax/libs/flag-icon-css/3.1.0/flags/1x1/kn.svg]
[ajax/libs/flag-icon-css/3.1.0/flags/4x3/kp.svg]
[ajax/libs/flag-icon-css/3.1.0/flags/1x1/kp.svg]
[ajax/libs/flag-icon-css/3.1.0/flags/4x3/kr.svg]
[ajax/libs/flag-icon-css/3.1.0/flags/1x1/kr.svg]
[ajax/libs/flag-icon-css/3.1.0/flags/4x3/kw.svg]
[ajax/libs/flag-icon-css/3.1.0/flags/1x1/kw.svg]
[ajax/libs/flag-icon-css/3.1.0/flags/4x3/ky.svg]
[ajax/libs/flag-icon-css/3.1.0/flags/1x1/ky.svg]
[ajax/libs/flag-icon-css/3.1.0/flags/4x3/kz.svg]
[ajax/libs/flag-icon-css/3.1.0/flags/1x1/kz.svg]
[ajax/libs/flag-icon-css/3.1.0/flags/4x3/la.svg]
[ajax/libs/flag-icon-css/3.1.0/flags/1x1/la.svg]
[ajax/libs/flag-icon-css/3.1.0/flags/4x3/lb.svg]
[ajax/libs/flag-icon-css/3.1.0/flags/1x1/lb.svg]
[ajax/libs/flag-icon-css/3.1.0/flags/4x3/lc.svg]
[ajax/libs/flag-icon-css/3.1.0/flags/1x1/lc.svg]
[ajax/libs/flag-icon-css/3.1.0/flags/1x1/li.svg]
[ajax/libs/flag-icon-css/3.1.0/flags/4x3/lk.svg]
[ajax/libs/flag-icon-css/3.1.0/flags/4x3/li.svg]
[ajax/libs/flag-icon-css/3.1.0/flags/1x1/lk.svg]
[ajax/libs/flag-icon-css/3.1.0/flags/4x3/lr.svg]
[ajax/libs/flag-icon-css/3.1.0/flags/1x1/lr.svg]
[ajax/libs/flag-icon-css/3.1.0/flags/4x3/ls.svg]
[ajax/libs/flag-icon-css/3.1.0/flags/1x1/ls.svg]
[ajax/libs/flag-icon-css/3.1.0/flags/4x3/lt.svg]
[ajax/libs/flag-icon-css/3.1.0/flags/1x1/lt.svg]
[ajax/libs/flag-icon-css/3.1.0/flags/4x3/lu.svg]
[ajax/libs/flag-icon-css/3.1.0/flags/1x1/lu.svg]
[ajax/libs/flag-icon-css/3.1.0/flags/4x3/lv.svg]
[ajax/libs/flag-icon-css/3.1.0/flags/1x1/lv.svg]
[ajax/libs/flag-icon-css/3.1.0/flags/4x3/ly.svg]
[ajax/libs/flag-icon-css/3.1.0/flags/1x1/ly.svg]
[ajax/libs/flag-icon-css/3.1.0/flags/4x3/ma.svg]
[ajax/libs/flag-icon-css/3.1.0/flags/1x1/ma.svg]
[ajax/libs/flag-icon-css/3.1.0/flags/4x3/mc.svg]
[ajax/libs/flag-icon-css/3.1.0/flags/1x1/mc.svg]
[ajax/libs/flag-icon-css/3.1.0/flags/4x3/md.svg]
[ajax/libs/flag-icon-css/3.1.0/flags/1x1/md.svg]
[ajax/libs/flag-icon-css/3.1.0/flags/4x3/me.svg]
[ajax/libs/flag-icon-css/3.1.0/flags/1x1/me.svg]
[ajax/libs/flag-icon-css/3.1.0/flags/4x3/mf.svg]
[ajax/libs/flag-icon-css/3.1.0/flags/1x1/mf.svg]
[ajax/libs/flag-icon-css/3.1.0/flags/4x3/mg.svg]
[ajax/libs/flag-icon-css/3.1.0/flags/1x1/mg.svg]
[ajax/libs/flag-icon-css/3.1.0/flags/4x3/mh.svg]
[ajax/libs/flag-icon-css/3.1.0/flags/1x1/mh.svg]
[ajax/libs/flag-icon-css/3.1.0/flags/4x3/mk.svg]
[ajax/libs/flag-icon-css/3.1.0/flags/1x1/mk.svg]
[ajax/libs/flag-icon-css/3.1.0/flags/4x3/ml.svg]
[ajax/libs/flag-icon-css/3.1.0/flags/1x1/ml.svg]
[ajax/libs/flag-icon-css/3.1.0/flags/4x3/mm.svg]
[ajax/libs/flag-icon-css/3.1.0/flags/1x1/mm.svg]
[ajax/libs/flag-icon-css/3.1.0/flags/4x3/mn.svg]
[ajax/libs/flag-icon-css/3.1.0/flags/1x1/mn.svg]
[ajax/libs/flag-icon-css/3.1.0/flags/4x3/mo.svg]
[ajax/libs/flag-icon-css/3.1.0/flags/1x1/mo.svg]
[ajax/libs/flag-icon-css/3.1.0/flags/4x3/mp.svg]
[ajax/libs/flag-icon-css/3.1.0/flags/1x1/mp.svg]
[ajax/libs/flag-icon-css/3.1.0/flags/4x3/mq.svg]
[ajax/libs/flag-icon-css/3.1.0/flags/1x1/mq.svg]
[ajax/libs/flag-icon-css/3.1.0/flags/4x3/mr.svg]
[ajax/libs/flag-icon-css/3.1.0/flags/1x1/mr.svg]
[ajax/libs/flag-icon-css/3.1.0/flags/4x3/ms.svg]
[ajax/libs/flag-icon-css/3.1.0/flags/1x1/ms.svg]
[ajax/libs/flag-icon-css/3.1.0/flags/4x3/mt.svg]
[ajax/libs/flag-icon-css/3.1.0/flags/1x1/mt.svg]
[ajax/libs/flag-icon-css/3.1.0/flags/4x3/mu.svg]
[ajax/libs/flag-icon-css/3.1.0/flags/1x1/mu.svg]
[ajax/libs/flag-icon-css/3.1.0/flags/4x3/mv.svg]
[ajax/libs/flag-icon-css/3.1.0/flags/1x1/mv.svg]
[ajax/libs/flag-icon-css/3.1.0/flags/4x3/mw.svg]
[ajax/libs/flag-icon-css/3.1.0/flags/1x1/mw.svg]
[ajax/libs/flag-icon-css/3.1.0/flags/4x3/mx.svg]
[ajax/libs/flag-icon-css/3.1.0/flags/1x1/mx.svg]
[ajax/libs/flag-icon-css/3.1.0/flags/4x3/my.svg]
[ajax/libs/flag-icon-css/3.1.0/flags/1x1/my.svg]
[ajax/libs/flag-icon-css/3.1.0/flags/4x3/mz.svg]
[ajax/libs/flag-icon-css/3.1.0/flags/1x1/mz.svg]
[ajax/libs/flag-icon-css/3.1.0/flags/4x3/na.svg]
[ajax/libs/flag-icon-css/3.1.0/flags/1x1/na.svg]
[ajax/libs/flag-icon-css/3.1.0/flags/4x3/nc.svg]
[ajax/libs/flag-icon-css/3.1.0/flags/1x1/nc.svg]
[ajax/libs/flag-icon-css/3.1.0/flags/4x3/ne.svg]
[ajax/libs/flag-icon-css/3.1.0/flags/1x1/ne.svg]
[ajax/libs/flag-icon-css/3.1.0/flags/4x3/nf.svg]
[ajax/libs/flag-icon-css/3.1.0/flags/1x1/nf.svg]
[ajax/libs/flag-icon-css/3.1.0/flags/4x3/ng.svg]
[ajax/libs/flag-icon-css/3.1.0/flags/1x1/ng.svg]
[ajax/libs/flag-icon-css/3.1.0/flags/4x3/ni.svg]
[ajax/libs/flag-icon-css/3.1.0/flags/1x1/ni.svg]
[ajax/libs/flag-icon-css/3.1.0/flags/4x3/nl.svg]
[ajax/libs/flag-icon-css/3.1.0/flags/1x1/nl.svg]
[ajax/libs/flag-icon-css/3.1.0/flags/4x3/no.svg]
[ajax/libs/flag-icon-css/3.1.0/flags/1x1/no.svg]
[ajax/libs/flag-icon-css/3.1.0/flags/4x3/np.svg]
[ajax/libs/flag-icon-css/3.1.0/flags/1x1/np.svg]
[ajax/libs/flag-icon-css/3.1.0/flags/4x3/nr.svg]
[ajax/libs/flag-icon-css/3.1.0/flags/1x1/nr.svg]
[ajax/libs/flag-icon-css/3.1.0/flags/4x3/nu.svg]
[ajax/libs/flag-icon-css/3.1.0/flags/1x1/nu.svg]
[ajax/libs/flag-icon-css/3.1.0/flags/4x3/nz.svg]
[ajax/libs/flag-icon-css/3.1.0/flags/1x1/nz.svg]
[ajax/libs/flag-icon-css/3.1.0/flags/4x3/om.svg]
[ajax/libs/flag-icon-css/3.1.0/flags/1x1/om.svg]
[ajax/libs/flag-icon-css/3.1.0/flags/4x3/pa.svg]
[ajax/libs/flag-icon-css/3.1.0/flags/1x1/pa.svg]
[ajax/libs/flag-icon-css/3.1.0/flags/4x3/pe.svg]
[ajax/libs/flag-icon-css/3.1.0/flags/1x1/pe.svg]
[ajax/libs/flag-icon-css/3.1.0/flags/4x3/pf.svg]
[ajax/libs/flag-icon-css/3.1.0/flags/1x1/pf.svg]
[ajax/libs/flag-icon-css/3.1.0/flags/4x3/pg.svg]
[ajax/libs/flag-icon-css/3.1.0/flags/1x1/pg.svg]
[ajax/libs/flag-icon-css/3.1.0/flags/4x3/ph.svg]
[ajax/libs/flag-icon-css/3.1.0/flags/1x1/ph.svg]
[ajax/libs/flag-icon-css/3.1.0/flags/4x3/pk.svg]
[ajax/libs/flag-icon-css/3.1.0/flags/1x1/pk.svg]
[ajax/libs/flag-icon-css/3.1.0/flags/4x3/pl.svg]
[ajax/libs/flag-icon-css/3.1.0/flags/1x1/pl.svg]
[ajax/libs/flag-icon-css/3.1.0/flags/4x3/pm.svg]
[ajax/libs/flag-icon-css/3.1.0/flags/1x1/pm.svg]
[ajax/libs/flag-icon-css/3.1.0/flags/4x3/pn.svg]
[ajax/libs/flag-icon-css/3.1.0/flags/1x1/pn.svg]
[ajax/libs/flag-icon-css/3.1.0/flags/4x3/pr.svg]
[ajax/libs/flag-icon-css/3.1.0/flags/1x1/pr.svg]
[ajax/libs/flag-icon-css/3.1.0/flags/4x3/ps.svg]
[ajax/libs/flag-icon-css/3.1.0/flags/1x1/ps.svg]
[ajax/libs/flag-icon-css/3.1.0/flags/4x3/pt.svg]
[ajax/libs/flag-icon-css/3.1.0/flags/1x1/pt.svg]
[ajax/libs/flag-icon-css/3.1.0/flags/4x3/pw.svg]
[ajax/libs/flag-icon-css/3.1.0/flags/1x1/pw.svg]
[ajax/libs/flag-icon-css/3.1.0/flags/4x3/py.svg]
[ajax/libs/flag-icon-css/3.1.0/flags/1x1/py.svg]
[ajax/libs/flag-icon-css/3.1.0/flags/4x3/qa.svg]
[ajax/libs/flag-icon-css/3.1.0/flags/1x1/qa.svg]
[ajax/libs/flag-icon-css/3.1.0/flags/4x3/re.svg]
[ajax/libs/flag-icon-css/3.1.0/flags/1x1/re.svg]
[ajax/libs/flag-icon-css/3.1.0/flags/4x3/ro.svg]
[ajax/libs/flag-icon-css/3.1.0/flags/1x1/ro.svg]
[ajax/libs/flag-icon-css/3.1.0/flags/4x3/rs.svg]
[ajax/libs/flag-icon-css/3.1.0/flags/1x1/rs.svg]
[ajax/libs/flag-icon-css/3.1.0/flags/4x3/ru.svg]
[ajax/libs/flag-icon-css/3.1.0/flags/1x1/ru.svg]
[ajax/libs/flag-icon-css/3.1.0/flags/4x3/rw.svg]
[ajax/libs/flag-icon-css/3.1.0/flags/1x1/rw.svg]
[ajax/libs/flag-icon-css/3.1.0/flags/4x3/sa.svg]
[ajax/libs/flag-icon-css/3.1.0/flags/1x1/sa.svg]
[ajax/libs/flag-icon-css/3.1.0/flags/4x3/sb.svg]
[ajax/libs/flag-icon-css/3.1.0/flags/1x1/sb.svg]
[ajax/libs/flag-icon-css/3.1.0/flags/4x3/sc.svg]
[ajax/libs/flag-icon-css/3.1.0/flags/1x1/sc.svg]
[ajax/libs/flag-icon-css/3.1.0/flags/4x3/sd.svg]
[ajax/libs/flag-icon-css/3.1.0/flags/1x1/sd.svg]
[ajax/libs/flag-icon-css/3.1.0/flags/4x3/se.svg]
[ajax/libs/flag-icon-css/3.1.0/flags/1x1/se.svg]
[ajax/libs/flag-icon-css/3.1.0/flags/4x3/sg.svg]
[ajax/libs/flag-icon-css/3.1.0/flags/1x1/sg.svg]
[ajax/libs/flag-icon-css/3.1.0/flags/4x3/sh.svg]
[ajax/libs/flag-icon-css/3.1.0/flags/1x1/sh.svg]
[ajax/libs/flag-icon-css/3.1.0/flags/4x3/si.svg]
[ajax/libs/flag-icon-css/3.1.0/flags/1x1/si.svg]
[ajax/libs/flag-icon-css/3.1.0/flags/4x3/sj.svg]
[ajax/libs/flag-icon-css/3.1.0/flags/1x1/sj.svg]
[ajax/libs/flag-icon-css/3.1.0/flags/4x3/sk.svg]
[ajax/libs/flag-icon-css/3.1.0/flags/1x1/sk.svg]
[ajax/libs/flag-icon-css/3.1.0/flags/4x3/sl.svg]
[ajax/libs/flag-icon-css/3.1.0/flags/1x1/sl.svg]
[ajax/libs/flag-icon-css/3.1.0/flags/4x3/sm.svg]
[ajax/libs/flag-icon-css/3.1.0/flags/1x1/sm.svg]
[ajax/libs/flag-icon-css/3.1.0/flags/4x3/sn.svg]
[ajax/libs/flag-icon-css/3.1.0/flags/1x1/sn.svg]
[ajax/libs/flag-icon-css/3.1.0/flags/4x3/so.svg]
[ajax/libs/flag-icon-css/3.1.0/flags/1x1/so.svg]
[ajax/libs/flag-icon-css/3.1.0/flags/4x3/sr.svg]
[ajax/libs/flag-icon-css/3.1.0/flags/1x1/sr.svg]
[ajax/libs/flag-icon-css/3.1.0/flags/4x3/ss.svg]
[ajax/libs/flag-icon-css/3.1.0/flags/1x1/ss.svg]
[ajax/libs/flag-icon-css/3.1.0/flags/4x3/st.svg]
[ajax/libs/flag-icon-css/3.1.0/flags/1x1/st.svg]
[ajax/libs/flag-icon-css/3.1.0/flags/4x3/sv.svg]
[ajax/libs/flag-icon-css/3.1.0/flags/1x1/sv.svg]
[ajax/libs/flag-icon-css/3.1.0/flags/4x3/sx.svg]
[ajax/libs/flag-icon-css/3.1.0/flags/1x1/sx.svg]
[ajax/libs/flag-icon-css/3.1.0/flags/4x3/sy.svg]
[ajax/libs/flag-icon-css/3.1.0/flags/1x1/sy.svg]
[ajax/libs/flag-icon-css/3.1.0/flags/4x3/sz.svg]
[ajax/libs/flag-icon-css/3.1.0/flags/1x1/sz.svg]
[ajax/libs/flag-icon-css/3.1.0/flags/4x3/tc.svg]
[ajax/libs/flag-icon-css/3.1.0/flags/1x1/tc.svg]
[ajax/libs/flag-icon-css/3.1.0/flags/4x3/td.svg]
[ajax/libs/flag-icon-css/3.1.0/flags/1x1/td.svg]
[ajax/libs/flag-icon-css/3.1.0/flags/4x3/tf.svg]
[ajax/libs/flag-icon-css/3.1.0/flags/1x1/tf.svg]
[ajax/libs/flag-icon-css/3.1.0/flags/4x3/tg.svg]
[ajax/libs/flag-icon-css/3.1.0/flags/1x1/tg.svg]
[ajax/libs/flag-icon-css/3.1.0/flags/4x3/th.svg]
[ajax/libs/flag-icon-css/3.1.0/flags/1x1/th.svg]
[ajax/libs/flag-icon-css/3.1.0/flags/4x3/tj.svg]
[ajax/libs/flag-icon-css/3.1.0/flags/1x1/tj.svg]
[ajax/libs/flag-icon-css/3.1.0/flags/4x3/tk.svg]
[ajax/libs/flag-icon-css/3.1.0/flags/1x1/tk.svg]
[ajax/libs/flag-icon-css/3.1.0/flags/4x3/tl.svg]
[ajax/libs/flag-icon-css/3.1.0/flags/1x1/tl.svg]
[ajax/libs/flag-icon-css/3.1.0/flags/4x3/tm.svg]
[ajax/libs/flag-icon-css/3.1.0/flags/1x1/tm.svg]
[ajax/libs/flag-icon-css/3.1.0/flags/4x3/tn.svg]
[ajax/libs/flag-icon-css/3.1.0/flags/1x1/tn.svg]
[ajax/libs/flag-icon-css/3.1.0/flags/4x3/to.svg]
[ajax/libs/flag-icon-css/3.1.0/flags/1x1/to.svg]
[ajax/libs/flag-icon-css/3.1.0/flags/4x3/tr.svg]
[ajax/libs/flag-icon-css/3.1.0/flags/1x1/tr.svg]
[ajax/libs/flag-icon-css/3.1.0/flags/4x3/tt.svg]
[ajax/libs/flag-icon-css/3.1.0/flags/1x1/tt.svg]
[ajax/libs/flag-icon-css/3.1.0/flags/4x3/tv.svg]
[ajax/libs/flag-icon-css/3.1.0/flags/1x1/tv.svg]
[ajax/libs/flag-icon-css/3.1.0/flags/4x3/tw.svg]
[ajax/libs/flag-icon-css/3.1.0/flags/1x1/tw.svg]
[ajax/libs/flag-icon-css/3.1.0/flags/4x3/tz.svg]
[ajax/libs/flag-icon-css/3.1.0/flags/1x1/tz.svg]
[ajax/libs/flag-icon-css/3.1.0/flags/4x3/ua.svg]
[ajax/libs/flag-icon-css/3.1.0/flags/1x1/ua.svg]
[ajax/libs/flag-icon-css/3.1.0/flags/4x3/ug.svg]
[ajax/libs/flag-icon-css/3.1.0/flags/1x1/ug.svg]
[ajax/libs/flag-icon-css/3.1.0/flags/4x3/um.svg]
[ajax/libs/flag-icon-css/3.1.0/flags/1x1/um.svg]
[ajax/libs/flag-icon-css/3.1.0/flags/4x3/us.svg]
[ajax/libs/flag-icon-css/3.1.0/flags/1x1/us.svg]
[ajax/libs/flag-icon-css/3.1.0/flags/4x3/uy.svg]
[ajax/libs/flag-icon-css/3.1.0/flags/1x1/uy.svg]
[ajax/libs/flag-icon-css/3.1.0/flags/4x3/uz.svg]
[ajax/libs/flag-icon-css/3.1.0/flags/1x1/uz.svg]
[ajax/libs/flag-icon-css/3.1.0/flags/4x3/va.svg]
[ajax/libs/flag-icon-css/3.1.0/flags/1x1/va.svg]
[ajax/libs/flag-icon-css/3.1.0/flags/4x3/vc.svg]
[ajax/libs/flag-icon-css/3.1.0/flags/1x1/vc.svg]
[ajax/libs/flag-icon-css/3.1.0/flags/4x3/ve.svg]
[ajax/libs/flag-icon-css/3.1.0/flags/1x1/ve.svg]
[ajax/libs/flag-icon-css/3.1.0/flags/4x3/vg.svg]
[ajax/libs/flag-icon-css/3.1.0/flags/1x1/vg.svg]
[ajax/libs/flag-icon-css/3.1.0/flags/4x3/vi.svg]
[ajax/libs/flag-icon-css/3.1.0/flags/1x1/vi.svg]
[ajax/libs/flag-icon-css/3.1.0/flags/4x3/vn.svg]
[ajax/libs/flag-icon-css/3.1.0/flags/1x1/vn.svg]
[ajax/libs/flag-icon-css/3.1.0/flags/4x3/vu.svg]
[ajax/libs/flag-icon-css/3.1.0/flags/1x1/vu.svg]
[ajax/libs/flag-icon-css/3.1.0/flags/4x3/wf.svg]
[ajax/libs/flag-icon-css/3.1.0/flags/1x1/wf.svg]
[ajax/libs/flag-icon-css/3.1.0/flags/4x3/ws.svg]
[ajax/libs/flag-icon-css/3.1.0/flags/1x1/ws.svg]
[ajax/libs/flag-icon-css/3.1.0/flags/4x3/ye.svg]
[ajax/libs/flag-icon-css/3.1.0/flags/1x1/ye.svg]
[ajax/libs/flag-icon-css/3.1.0/flags/4x3/yt.svg]
[ajax/libs/flag-icon-css/3.1.0/flags/1x1/yt.svg]
[ajax/libs/flag-icon-css/3.1.0/flags/4x3/za.svg]
[ajax/libs/flag-icon-css/3.1.0/flags/1x1/za.svg]
[ajax/libs/flag-icon-css/3.1.0/flags/4x3/zm.svg]
[ajax/libs/flag-icon-css/3.1.0/flags/1x1/zm.svg]
[ajax/libs/flag-icon-css/3.1.0/flags/4x3/zw.svg]
[ajax/libs/flag-icon-css/3.1.0/flags/1x1/zw.svg]
[ajax/libs/flag-icon-css/3.1.0/flags/4x3/es-ct.svg]
[ajax/libs/flag-icon-css/3.1.0/flags/1x1/es-ct.svg]
[ajax/libs/flag-icon-css/3.1.0/flags/4x3/eu.svg]
[ajax/libs/flag-icon-css/3.1.0/flags/1x1/eu.svg]
[ajax/libs/flag-icon-css/3.1.0/flags/4x3/gb-eng.svg]
[ajax/libs/flag-icon-css/3.1.0/flags/1x1/gb-eng.svg]
[ajax/libs/flag-icon-css/3.1.0/flags/4x3/gb-nir.svg]
[ajax/libs/flag-icon-css/3.1.0/flags/1x1/gb-nir.svg]
[ajax/libs/flag-icon-css/3.1.0/flags/4x3/gb-sct.svg]
[ajax/libs/flag-icon-css/3.1.0/flags/1x1/gb-sct.svg]
[ajax/libs/flag-icon-css/3.1.0/flags/4x3/gb-wls.svg]
[ajax/libs/flag-icon-css/3.1.0/flags/1x1/gb-wls.svg]
[ajax/libs/flag-icon-css/3.1.0/flags/4x3/un.svg]
[ajax/libs/flag-icon-css/3.1.0/css/flag-icon.min.css]
[Content/themes/2019/fonts/glyphicons-halflings-regular.svg]
[Content/themes/2019/styles/webfonts/36177A_0_0.svg]
[Content/themes/2019/styles/webfonts/36177A_1_0.svg]
[Content/themes/2019/styles/webfonts/36177A_2_0.svg]
[font-awesome/4.7.0/fonts/fontawesome-webfont3e6e.svg]
[Content/themes/2019/fonts/nfc.svg]
[ajax/libs/flag-icon-css/3.1.0/flags/4x3/ad.svg]
[ajax/libs/flag-icon-css/3.1.0/flags/1x1/ad.svg]
[ajax/libs/flag-icon-css/3.1.0/flags/4x3/ae.svg]
[ajax/libs/flag-icon-css/3.1.0/flags/1x1/ae.svg]
[ajax/libs/flag-icon-css/3.1.0/flags/4x3/af.svg]
[ajax/libs/flag-icon-css/3.1.0/flags/1x1/af.svg]
[ajax/libs/flag-icon-css/3.1.0/flags/4x3/ag.svg]
[ajax/libs/flag-icon-css/3.1.0/flags/1x1/ag.svg]
[ajax/libs/flag-icon-css/3.1.0/flags/4x3/ai.svg]
[ajax/libs/flag-icon-css/3.1.0/flags/1x1/ai.svg]
[ajax/libs/flag-icon-css/3.1.0/flags/4x3/al.svg]
[ajax/libs/flag-icon-css/3.1.0/flags/1x1/al.svg]
[ajax/libs/flag-icon-css/3.1.0/flags/4x3/am.svg]
[ajax/libs/flag-icon-css/3.1.0/flags/1x1/am.svg]
[ajax/libs/flag-icon-css/3.1.0/flags/4x3/ao.svg]
[ajax/libs/flag-icon-css/3.1.0/flags/1x1/ao.svg]
[ajax/libs/flag-icon-css/3.1.0/flags/4x3/aq.svg]
[ajax/libs/flag-icon-css/3.1.0/flags/1x1/aq.svg]
[ajax/libs/flag-icon-css/3.1.0/flags/4x3/ar.svg]
[ajax/libs/flag-icon-css/3.1.0/flags/1x1/ar.svg]
[ajax/libs/flag-icon-css/3.1.0/flags/4x3/as.svg]
[ajax/libs/flag-icon-css/3.1.0/flags/1x1/as.svg]
[ajax/libs/flag-icon-css/3.1.0/flags/4x3/at.svg]
[ajax/libs/flag-icon-css/3.1.0/flags/1x1/at.svg]
[ajax/libs/flag-icon-css/3.1.0/flags/4x3/au.svg]
[ajax/libs/flag-icon-css/3.1.0/flags/1x1/au.svg]
[ajax/libs/flag-icon-css/3.1.0/flags/4x3/aw.svg]
[ajax/libs/flag-icon-css/3.1.0/flags/1x1/aw.svg]
[ajax/libs/flag-icon-css/3.1.0/flags/4x3/ax.svg]
[ajax/libs/flag-icon-css/3.1.0/flags/1x1/ax.svg]
[ajax/libs/flag-icon-css/3.1.0/flags/4x3/az.svg]
[ajax/libs/flag-icon-css/3.1.0/flags/1x1/az.svg]
[ajax/libs/flag-icon-css/3.1.0/flags/4x3/ba.svg]
[ajax/libs/flag-icon-css/3.1.0/flags/1x1/ba.svg]
[ajax/libs/flag-icon-css/3.1.0/flags/4x3/bb.svg]
[ajax/libs/flag-icon-css/3.1.0/flags/1x1/bb.svg]
[ajax/libs/flag-icon-css/3.1.0/flags/4x3/bd.svg]
[ajax/libs/flag-icon-css/3.1.0/flags/1x1/bd.svg]
[ajax/libs/flag-icon-css/3.1.0/flags/4x3/be.svg]
[ajax/libs/flag-icon-css/3.1.0/flags/1x1/be.svg]
[ajax/libs/flag-icon-css/3.1.0/flags/4x3/bf.svg]
[ajax/libs/flag-icon-css/3.1.0/flags/1x1/bf.svg]
[ajax/libs/flag-icon-css/3.1.0/flags/4x3/bg.svg]
[ajax/libs/flag-icon-css/3.1.0/flags/1x1/bg.svg]
[ajax/libs/flag-icon-css/3.1.0/flags/4x3/bh.svg]
[ajax/libs/flag-icon-css/3.1.0/flags/1x1/bh.svg]
[ajax/libs/flag-icon-css/3.1.0/flags/4x3/bi.svg]
[ajax/libs/flag-icon-css/3.1.0/flags/1x1/bi.svg]
[ajax/libs/flag-icon-css/3.1.0/flags/4x3/bj.svg]
[ajax/libs/flag-icon-css/3.1.0/flags/1x1/bj.svg]
[ajax/libs/flag-icon-css/3.1.0/flags/4x3/bl.svg]
[ajax/libs/flag-icon-css/3.1.0/flags/1x1/bl.svg]
[ajax/libs/flag-icon-css/3.1.0/flags/4x3/bm.svg]
[ajax/libs/flag-icon-css/3.1.0/flags/1x1/bm.svg]
[ajax/libs/flag-icon-css/3.1.0/flags/4x3/bn.svg]
[ajax/libs/flag-icon-css/3.1.0/flags/1x1/bn.svg]
[ajax/libs/flag-icon-css/3.1.0/flags/4x3/bo.svg]
[ajax/libs/flag-icon-css/3.1.0/flags/1x1/bo.svg]
[ajax/libs/flag-icon-css/3.1.0/flags/4x3/bq.svg]
[ajax/libs/flag-icon-css/3.1.0/flags/1x1/bq.svg]
[ajax/libs/flag-icon-css/3.1.0/flags/4x3/br.svg]
[ajax/libs/flag-icon-css/3.1.0/flags/1x1/br.svg]
[ajax/libs/flag-icon-css/3.1.0/flags/4x3/bs.svg]
[ajax/libs/flag-icon-css/3.1.0/flags/1x1/bs.svg]
[ajax/libs/flag-icon-css/3.1.0/flags/4x3/bt.svg]
[ajax/libs/flag-icon-css/3.1.0/flags/1x1/bt.svg]
[ajax/libs/flag-icon-css/3.1.0/flags/4x3/bv.svg]
[ajax/libs/flag-icon-css/3.1.0/flags/1x1/bv.svg]
[ajax/libs/flag-icon-css/3.1.0/flags/4x3/bw.svg]
[ajax/libs/flag-icon-css/3.1.0/flags/1x1/bw.svg]
[ajax/libs/flag-icon-css/3.1.0/flags/4x3/by.svg]
[ajax/libs/flag-icon-css/3.1.0/flags/1x1/by.svg]
[ajax/libs/flag-icon-css/3.1.0/flags/4x3/bz.svg]
[ajax/libs/flag-icon-css/3.1.0/flags/1x1/bz.svg]
[ajax/libs/flag-icon-css/3.1.0/flags/4x3/ca.svg]
[ajax/libs/flag-icon-css/3.1.0/flags/1x1/ca.svg]
[ajax/libs/flag-icon-css/3.1.0/flags/4x3/cc.svg]
[ajax/libs/flag-icon-css/3.1.0/flags/1x1/cc.svg]
[ajax/libs/flag-icon-css/3.1.0/flags/4x3/cd.svg]
[ajax/libs/flag-icon-css/3.1.0/flags/1x1/cd.svg]
[ajax/libs/flag-icon-css/3.1.0/flags/4x3/cf.svg]
[ajax/libs/flag-icon-css/3.1.0/flags/1x1/cf.svg]
[ajax/libs/flag-icon-css/3.1.0/flags/4x3/cg.svg]
[ajax/libs/flag-icon-css/3.1.0/flags/1x1/cg.svg]
[ajax/libs/flag-icon-css/3.1.0/flags/4x3/ch.svg]
[ajax/libs/flag-icon-css/3.1.0/flags/1x1/ch.svg]
[ajax/libs/flag-icon-css/3.1.0/flags/4x3/ci.svg]
[ajax/libs/flag-icon-css/3.1.0/flags/1x1/ci.svg]
[ajax/libs/flag-icon-css/3.1.0/flags/4x3/ck.svg]
[ajax/libs/flag-icon-css/3.1.0/flags/1x1/ck.svg]
[ajax/libs/flag-icon-css/3.1.0/flags/4x3/cl.svg]
[ajax/libs/flag-icon-css/3.1.0/flags/1x1/cl.svg]
[ajax/libs/flag-icon-css/3.1.0/flags/4x3/cm.svg]
[ajax/libs/flag-icon-css/3.1.0/flags/1x1/cm.svg]
[ajax/libs/flag-icon-css/3.1.0/flags/4x3/cn.svg]
[ajax/libs/flag-icon-css/3.1.0/flags/1x1/cn.svg]
[ajax/libs/flag-icon-css/3.1.0/flags/4x3/co.svg]
[ajax/libs/flag-icon-css/3.1.0/flags/1x1/co.svg]
[ajax/libs/flag-icon-css/3.1.0/flags/4x3/cr.svg]
[ajax/libs/flag-icon-css/3.1.0/flags/1x1/cr.svg]
[ajax/libs/flag-icon-css/3.1.0/flags/4x3/cu.svg]
[ajax/libs/flag-icon-css/3.1.0/flags/1x1/cu.svg]
[ajax/libs/flag-icon-css/3.1.0/flags/4x3/cv.svg]
[ajax/libs/flag-icon-css/3.1.0/flags/1x1/cv.svg]
[ajax/libs/flag-icon-css/3.1.0/flags/4x3/cw.svg]
[ajax/libs/flag-icon-css/3.1.0/flags/1x1/cw.svg]
[ajax/libs/flag-icon-css/3.1.0/flags/4x3/cx.svg]
[ajax/libs/flag-icon-css/3.1.0/flags/1x1/cx.svg]
[ajax/libs/flag-icon-css/3.1.0/flags/4x3/cy.svg]
[ajax/libs/flag-icon-css/3.1.0/flags/1x1/cy.svg]
[ajax/libs/flag-icon-css/3.1.0/flags/4x3/cz.svg]
[ajax/libs/flag-icon-css/3.1.0/flags/1x1/cz.svg]
[ajax/libs/flag-icon-css/3.1.0/flags/4x3/de.svg]
[ajax/libs/flag-icon-css/3.1.0/flags/1x1/de.svg]
[ajax/libs/flag-icon-css/3.1.0/flags/4x3/dj.svg]
[ajax/libs/flag-icon-css/3.1.0/flags/1x1/dj.svg]
[ajax/libs/flag-icon-css/3.1.0/flags/4x3/dk.svg]
[ajax/libs/flag-icon-css/3.1.0/flags/1x1/dk.svg]
[ajax/libs/flag-icon-css/3.1.0/flags/4x3/dm.svg]
[ajax/libs/flag-icon-css/3.1.0/flags/1x1/dm.svg]
[ajax/libs/flag-icon-css/3.1.0/flags/1x1/un.svg]
[ajax/libs/flag-icon-css/3.1.0/flags/4x3/do.svg]
[ajax/libs/flag-icon-css/3.1.0/flags/1x1/do.svg]
[ajax/libs/flag-icon-css/3.1.0/flags/4x3/dz.svg]
[ajax/libs/flag-icon-css/3.1.0/flags/1x1/dz.svg]
[ajax/libs/flag-icon-css/3.1.0/flags/4x3/ec.svg]
[ajax/libs/flag-icon-css/3.1.0/flags/1x1/ec.svg]
[ajax/libs/flag-icon-css/3.1.0/flags/4x3/ee.svg]
[ajax/libs/flag-icon-css/3.1.0/flags/1x1/ee.svg]
[ajax/libs/flag-icon-css/3.1.0/flags/4x3/eg.svg]
[ajax/libs/flag-icon-css/3.1.0/flags/1x1/eg.svg]
[ajax/libs/flag-icon-css/3.1.0/flags/4x3/eh.svg]
[ajax/libs/flag-icon-css/3.1.0/flags/1x1/eh.svg]
[ajax/libs/flag-icon-css/3.1.0/flags/4x3/er.svg]
[ajax/libs/flag-icon-css/3.1.0/flags/1x1/er.svg]
[ajax/libs/flag-icon-css/3.1.0/flags/4x3/es.svg]
[ajax/libs/flag-icon-css/3.1.0/flags/1x1/es.svg]
[ajax/libs/flag-icon-css/3.1.0/flags/4x3/et.svg]
[ajax/libs/flag-icon-css/3.1.0/flags/1x1/et.svg]
[ajax/libs/flag-icon-css/3.1.0/flags/4x3/fi.svg]
[ajax/libs/flag-icon-css/3.1.0/flags/1x1/fi.svg]
[ajax/libs/flag-icon-css/3.1.0/flags/4x3/fj.svg]
[ajax/libs/flag-icon-css/3.1.0/flags/1x1/fj.svg]
[ajax/libs/flag-icon-css/3.1.0/flags/4x3/fk.svg]
[ajax/libs/flag-icon-css/3.1.0/flags/1x1/fk.svg]
[ajax/libs/flag-icon-css/3.1.0/flags/4x3/fm.svg]
[ajax/libs/flag-icon-css/3.1.0/flags/1x1/fm.svg]
[ajax/libs/flag-icon-css/3.1.0/flags/4x3/fo.svg]
[ajax/libs/flag-icon-css/3.1.0/flags/1x1/fo.svg]
[ajax/libs/flag-icon-css/3.1.0/flags/4x3/fr.svg]
[ajax/libs/flag-icon-css/3.1.0/flags/1x1/fr.svg]
[ajax/libs/flag-icon-css/3.1.0/flags/4x3/ga.svg]
[ajax/libs/flag-icon-css/3.1.0/flags/1x1/ga.svg]
[ajax/libs/flag-icon-css/3.1.0/flags/4x3/gb.svg]
[ajax/libs/flag-icon-css/3.1.0/flags/1x1/gb.svg]
[ajax/libs/flag-icon-css/3.1.0/flags/4x3/gd.svg]
[ajax/libs/flag-icon-css/3.1.0/flags/1x1/gd.svg]
[ajax/libs/flag-icon-css/3.1.0/flags/4x3/ge.svg]
[ajax/libs/flag-icon-css/3.1.0/flags/1x1/ge.svg]
[ajax/libs/flag-icon-css/3.1.0/flags/4x3/gf.svg]
[ajax/libs/flag-icon-css/3.1.0/flags/1x1/gf.svg]
[ajax/libs/flag-icon-css/3.1.0/flags/4x3/gg.svg]
[ajax/libs/flag-icon-css/3.1.0/flags/1x1/gg.svg]
[ajax/libs/flag-icon-css/3.1.0/flags/4x3/gh.svg]
[ajax/libs/flag-icon-css/3.1.0/flags/1x1/gh.svg]
[ajax/libs/flag-icon-css/3.1.0/flags/4x3/gi.svg]
[ajax/libs/flag-icon-css/3.1.0/flags/1x1/gi.svg]
[ajax/libs/flag-icon-css/3.1.0/flags/4x3/gl.svg]
[ajax/libs/flag-icon-css/3.1.0/flags/1x1/gl.svg]
[ajax/libs/flag-icon-css/3.1.0/flags/4x3/gm.svg]
[ajax/libs/flag-icon-css/3.1.0/flags/1x1/gm.svg]
[ajax/libs/flag-icon-css/3.1.0/flags/4x3/gn.svg]
[ajax/libs/flag-icon-css/3.1.0/flags/1x1/gn.svg]
[ajax/libs/flag-icon-css/3.1.0/flags/4x3/gp.svg]
[ajax/libs/flag-icon-css/3.1.0/flags/1x1/gp.svg]
[ajax/libs/flag-icon-css/3.1.0/flags/4x3/gq.svg]
[ajax/libs/flag-icon-css/3.1.0/flags/1x1/gq.svg]
[ajax/libs/flag-icon-css/3.1.0/flags/4x3/gr.svg]
[ajax/libs/flag-icon-css/3.1.0/flags/1x1/gr.svg]
[ajax/libs/flag-icon-css/3.1.0/flags/4x3/gs.svg]
[ajax/libs/flag-icon-css/3.1.0/flags/1x1/gs.svg]
[ajax/libs/flag-icon-css/3.1.0/flags/4x3/gt.svg]
[ajax/libs/flag-icon-css/3.1.0/flags/1x1/gt.svg]
[ajax/libs/flag-icon-css/3.1.0/flags/4x3/gu.svg]
[ajax/libs/flag-icon-css/3.1.0/flags/1x1/gu.svg]
[ajax/libs/flag-icon-css/3.1.0/flags/4x3/gw.svg]
[ajax/libs/flag-icon-css/3.1.0/flags/1x1/gw.svg]
[ajax/libs/flag-icon-css/3.1.0/flags/4x3/gy.svg]
[ajax/libs/flag-icon-css/3.1.0/flags/1x1/gy.svg]
[ajax/libs/flag-icon-css/3.1.0/flags/4x3/hk.svg]
[ajax/libs/flag-icon-css/3.1.0/flags/1x1/hk.svg]
[ajax/libs/flag-icon-css/3.1.0/flags/4x3/hm.svg]
[ajax/libs/flag-icon-css/3.1.0/flags/1x1/hm.svg]
[ajax/libs/flag-icon-css/3.1.0/flags/4x3/hn.svg]
[ajax/libs/flag-icon-css/3.1.0/flags/1x1/hn.svg]
[ajax/libs/flag-icon-css/3.1.0/flags/4x3/hr.svg]
[ajax/libs/flag-icon-css/3.1.0/flags/1x1/hr.svg]
[ajax/libs/flag-icon-css/3.1.0/flags/4x3/ht.svg]
[ajax/libs/flag-icon-css/3.1.0/flags/1x1/ht.svg]
[ajax/libs/flag-icon-css/3.1.0/flags/4x3/hu.svg]
[ajax/libs/flag-icon-css/3.1.0/flags/1x1/hu.svg]
[ajax/libs/flag-icon-css/3.1.0/flags/4x3/id.svg]
[ajax/libs/flag-icon-css/3.1.0/flags/1x1/id.svg]
[ajax/libs/flag-icon-css/3.1.0/flags/4x3/ie.svg]
[ajax/libs/flag-icon-css/3.1.0/flags/1x1/ie.svg]
[ajax/libs/flag-icon-css/3.1.0/flags/4x3/il.svg]
[ajax/libs/flag-icon-css/3.1.0/flags/1x1/il.svg]
[ajax/libs/flag-icon-css/3.1.0/flags/4x3/im.svg]
[ajax/libs/flag-icon-css/3.1.0/flags/1x1/im.svg]
[ajax/libs/flag-icon-css/3.1.0/flags/4x3/in.svg]
[ajax/libs/flag-icon-css/3.1.0/flags/1x1/in.svg]
[ajax/libs/flag-icon-css/3.1.0/flags/4x3/io.svg]
[ajax/libs/flag-icon-css/3.1.0/flags/1x1/io.svg]
[ajax/libs/flag-icon-css/3.1.0/flags/4x3/iq.svg]
[ajax/libs/flag-icon-css/3.1.0/flags/1x1/iq.svg]
[ajax/libs/flag-icon-css/3.1.0/flags/4x3/ir.svg]
[ajax/libs/flag-icon-css/3.1.0/flags/1x1/ir.svg]
[ajax/libs/flag-icon-css/3.1.0/flags/4x3/is.svg]
[ajax/libs/flag-icon-css/3.1.0/flags/1x1/is.svg]
[ajax/libs/flag-icon-css/3.1.0/flags/4x3/it.svg]
[ajax/libs/flag-icon-css/3.1.0/flags/1x1/it.svg]
[ajax/libs/flag-icon-css/3.1.0/flags/4x3/je.svg]
[ajax/libs/flag-icon-css/3.1.0/flags/1x1/je.svg]
[ajax/libs/flag-icon-css/3.1.0/flags/4x3/jm.svg]
[ajax/libs/flag-icon-css/3.1.0/flags/1x1/jm.svg]
[ajax/libs/flag-icon-css/3.1.0/flags/4x3/jo.svg]
[ajax/libs/flag-icon-css/3.1.0/flags/1x1/jo.svg]
[ajax/libs/flag-icon-css/3.1.0/flags/4x3/jp.svg]
[ajax/libs/flag-icon-css/3.1.0/flags/1x1/jp.svg]
[ajax/libs/flag-icon-css/3.1.0/flags/4x3/ke.svg]
[ajax/libs/flag-icon-css/3.1.0/flags/1x1/ke.svg]
[ajax/libs/flag-icon-css/3.1.0/flags/4x3/kg.svg]
[ajax/libs/flag-icon-css/3.1.0/flags/1x1/kg.svg]
[ajax/libs/flag-icon-css/3.1.0/flags/4x3/kh.svg]
[ajax/libs/flag-icon-css/3.1.0/flags/1x1/kh.svg]
[ajax/libs/flag-icon-css/3.1.0/flags/4x3/ki.svg]
[ajax/libs/flag-icon-css/3.1.0/flags/1x1/ki.svg]
[ajax/libs/flag-icon-css/3.1.0/flags/4x3/km.svg]
[ajax/libs/flag-icon-css/3.1.0/flags/1x1/km.svg]
[ajax/libs/flag-icon-css/3.1.0/flags/4x3/kn.svg]
[ajax/libs/flag-icon-css/3.1.0/flags/1x1/kn.svg]
[ajax/libs/flag-icon-css/3.1.0/flags/4x3/kp.svg]
[ajax/libs/flag-icon-css/3.1.0/flags/1x1/kp.svg]
[ajax/libs/flag-icon-css/3.1.0/flags/4x3/kr.svg]
[ajax/libs/flag-icon-css/3.1.0/flags/1x1/kr.svg]
[ajax/libs/flag-icon-css/3.1.0/flags/4x3/kw.svg]
[ajax/libs/flag-icon-css/3.1.0/flags/1x1/kw.svg]
[ajax/libs/flag-icon-css/3.1.0/flags/4x3/ky.svg]
[ajax/libs/flag-icon-css/3.1.0/flags/1x1/ky.svg]
[ajax/libs/flag-icon-css/3.1.0/flags/4x3/kz.svg]
[ajax/libs/flag-icon-css/3.1.0/flags/1x1/kz.svg]
[ajax/libs/flag-icon-css/3.1.0/flags/4x3/la.svg]
[ajax/libs/flag-icon-css/3.1.0/flags/1x1/la.svg]
[ajax/libs/flag-icon-css/3.1.0/flags/4x3/lb.svg]
[ajax/libs/flag-icon-css/3.1.0/flags/1x1/lb.svg]
[ajax/libs/flag-icon-css/3.1.0/flags/4x3/lc.svg]
[ajax/libs/flag-icon-css/3.1.0/flags/1x1/lc.svg]
[ajax/libs/flag-icon-css/3.1.0/flags/4x3/li.svg]
[ajax/libs/flag-icon-css/3.1.0/flags/1x1/li.svg]
[ajax/libs/flag-icon-css/3.1.0/flags/4x3/lk.svg]
[ajax/libs/flag-icon-css/3.1.0/flags/1x1/lk.svg]
[ajax/libs/flag-icon-css/3.1.0/flags/4x3/lr.svg]
[ajax/libs/flag-icon-css/3.1.0/flags/1x1/lr.svg]
[ajax/libs/flag-icon-css/3.1.0/flags/4x3/ls.svg]
[ajax/libs/flag-icon-css/3.1.0/flags/1x1/ls.svg]
[ajax/libs/flag-icon-css/3.1.0/flags/4x3/lt.svg]
[ajax/libs/flag-icon-css/3.1.0/flags/1x1/lt.svg]
[ajax/libs/flag-icon-css/3.1.0/flags/4x3/lu.svg]
[ajax/libs/flag-icon-css/3.1.0/flags/1x1/lu.svg]
[ajax/libs/flag-icon-css/3.1.0/flags/4x3/lv.svg]
[ajax/libs/flag-icon-css/3.1.0/flags/1x1/lv.svg]
[ajax/libs/flag-icon-css/3.1.0/flags/4x3/ly.svg]
[ajax/libs/flag-icon-css/3.1.0/flags/1x1/ly.svg]
[ajax/libs/flag-icon-css/3.1.0/flags/4x3/ma.svg]
[ajax/libs/flag-icon-css/3.1.0/flags/1x1/ma.svg]
[ajax/libs/flag-icon-css/3.1.0/flags/4x3/mc.svg]
[ajax/libs/flag-icon-css/3.1.0/flags/1x1/mc.svg]
[ajax/libs/flag-icon-css/3.1.0/flags/4x3/md.svg]
[ajax/libs/flag-icon-css/3.1.0/flags/1x1/md.svg]
[ajax/libs/flag-icon-css/3.1.0/flags/4x3/me.svg]
[ajax/libs/flag-icon-css/3.1.0/flags/1x1/me.svg]
[ajax/libs/flag-icon-css/3.1.0/flags/4x3/mf.svg]
[ajax/libs/flag-icon-css/3.1.0/flags/1x1/mf.svg]
[ajax/libs/flag-icon-css/3.1.0/flags/4x3/mg.svg]
[ajax/libs/flag-icon-css/3.1.0/flags/1x1/mg.svg]
[ajax/libs/flag-icon-css/3.1.0/flags/4x3/mh.svg]
[ajax/libs/flag-icon-css/3.1.0/flags/1x1/mh.svg]
[ajax/libs/flag-icon-css/3.1.0/flags/4x3/mk.svg]
[ajax/libs/flag-icon-css/3.1.0/flags/1x1/mk.svg]
[ajax/libs/flag-icon-css/3.1.0/flags/4x3/ml.svg]
[ajax/libs/flag-icon-css/3.1.0/flags/1x1/ml.svg]
[ajax/libs/flag-icon-css/3.1.0/flags/4x3/mm.svg]
[ajax/libs/flag-icon-css/3.1.0/flags/1x1/mm.svg]
[ajax/libs/flag-icon-css/3.1.0/flags/4x3/mn.svg]
[ajax/libs/flag-icon-css/3.1.0/flags/1x1/mn.svg]
[ajax/libs/flag-icon-css/3.1.0/flags/4x3/mo.svg]
[ajax/libs/flag-icon-css/3.1.0/flags/1x1/mo.svg]
[ajax/libs/flag-icon-css/3.1.0/flags/4x3/mp.svg]
[ajax/libs/flag-icon-css/3.1.0/flags/1x1/mp.svg]
[ajax/libs/flag-icon-css/3.1.0/flags/4x3/mq.svg]
[ajax/libs/flag-icon-css/3.1.0/flags/1x1/mq.svg]
[ajax/libs/flag-icon-css/3.1.0/flags/4x3/mr.svg]
[ajax/libs/flag-icon-css/3.1.0/flags/1x1/mr.svg]
[ajax/libs/flag-icon-css/3.1.0/flags/4x3/ms.svg]
[ajax/libs/flag-icon-css/3.1.0/flags/1x1/ms.svg]
[ajax/libs/flag-icon-css/3.1.0/flags/4x3/mt.svg]
[ajax/libs/flag-icon-css/3.1.0/flags/1x1/mt.svg]
[ajax/libs/flag-icon-css/3.1.0/flags/4x3/mu.svg]
[ajax/libs/flag-icon-css/3.1.0/flags/1x1/mu.svg]
[ajax/libs/flag-icon-css/3.1.0/flags/4x3/mv.svg]
[ajax/libs/flag-icon-css/3.1.0/flags/1x1/mv.svg]
[ajax/libs/flag-icon-css/3.1.0/flags/4x3/mw.svg]
[ajax/libs/flag-icon-css/3.1.0/flags/1x1/mw.svg]
[ajax/libs/flag-icon-css/3.1.0/flags/4x3/mx.svg]
[ajax/libs/flag-icon-css/3.1.0/flags/1x1/mx.svg]
[ajax/libs/flag-icon-css/3.1.0/flags/4x3/my.svg]
[ajax/libs/flag-icon-css/3.1.0/flags/1x1/my.svg]
[ajax/libs/flag-icon-css/3.1.0/flags/4x3/mz.svg]
[ajax/libs/flag-icon-css/3.1.0/flags/1x1/mz.svg]
[ajax/libs/flag-icon-css/3.1.0/flags/4x3/na.svg]
[ajax/libs/flag-icon-css/3.1.0/flags/1x1/na.svg]
[ajax/libs/flag-icon-css/3.1.0/flags/4x3/nc.svg]
[ajax/libs/flag-icon-css/3.1.0/flags/1x1/nc.svg]
[ajax/libs/flag-icon-css/3.1.0/flags/4x3/ne.svg]
[ajax/libs/flag-icon-css/3.1.0/flags/1x1/ne.svg]
[ajax/libs/flag-icon-css/3.1.0/flags/4x3/nf.svg]
[ajax/libs/flag-icon-css/3.1.0/flags/1x1/nf.svg]
[ajax/libs/flag-icon-css/3.1.0/flags/4x3/ng.svg]
[ajax/libs/flag-icon-css/3.1.0/flags/1x1/ng.svg]
[ajax/libs/flag-icon-css/3.1.0/flags/4x3/ni.svg]
[ajax/libs/flag-icon-css/3.1.0/flags/1x1/ni.svg]
[ajax/libs/flag-icon-css/3.1.0/flags/4x3/nl.svg]
[ajax/libs/flag-icon-css/3.1.0/flags/1x1/nl.svg]
[ajax/libs/flag-icon-css/3.1.0/flags/4x3/no.svg]
[ajax/libs/flag-icon-css/3.1.0/flags/1x1/no.svg]
[ajax/libs/flag-icon-css/3.1.0/flags/4x3/np.svg]
[ajax/libs/flag-icon-css/3.1.0/flags/1x1/np.svg]
[ajax/libs/flag-icon-css/3.1.0/flags/4x3/nr.svg]
[ajax/libs/flag-icon-css/3.1.0/flags/1x1/nr.svg]
[ajax/libs/flag-icon-css/3.1.0/flags/4x3/nu.svg]
[ajax/libs/flag-icon-css/3.1.0/flags/1x1/nu.svg]
[ajax/libs/flag-icon-css/3.1.0/flags/4x3/nz.svg]
[ajax/libs/flag-icon-css/3.1.0/flags/1x1/nz.svg]
[ajax/libs/flag-icon-css/3.1.0/flags/4x3/om.svg]
[ajax/libs/flag-icon-css/3.1.0/flags/1x1/om.svg]
[ajax/libs/flag-icon-css/3.1.0/flags/4x3/pa.svg]
[ajax/libs/flag-icon-css/3.1.0/flags/1x1/pa.svg]
[ajax/libs/flag-icon-css/3.1.0/flags/4x3/pe.svg]
[ajax/libs/flag-icon-css/3.1.0/flags/1x1/pe.svg]
[ajax/libs/flag-icon-css/3.1.0/flags/4x3/pf.svg]
[ajax/libs/flag-icon-css/3.1.0/flags/1x1/pf.svg]
[ajax/libs/flag-icon-css/3.1.0/flags/4x3/pg.svg]
[ajax/libs/flag-icon-css/3.1.0/flags/1x1/pg.svg]
[ajax/libs/flag-icon-css/3.1.0/flags/4x3/ph.svg]
[ajax/libs/flag-icon-css/3.1.0/flags/1x1/ph.svg]
[ajax/libs/flag-icon-css/3.1.0/flags/4x3/pk.svg]
[ajax/libs/flag-icon-css/3.1.0/flags/1x1/pk.svg]
[ajax/libs/flag-icon-css/3.1.0/flags/4x3/pl.svg]
[ajax/libs/flag-icon-css/3.1.0/flags/1x1/pl.svg]
[ajax/libs/flag-icon-css/3.1.0/flags/4x3/pm.svg]
[ajax/libs/flag-icon-css/3.1.0/flags/1x1/pm.svg]
[ajax/libs/flag-icon-css/3.1.0/flags/4x3/pn.svg]
[ajax/libs/flag-icon-css/3.1.0/flags/1x1/pn.svg]
[ajax/libs/flag-icon-css/3.1.0/flags/4x3/pr.svg]
[ajax/libs/flag-icon-css/3.1.0/flags/1x1/pr.svg]
[ajax/libs/flag-icon-css/3.1.0/flags/4x3/ps.svg]
[ajax/libs/flag-icon-css/3.1.0/flags/1x1/ps.svg]
[ajax/libs/flag-icon-css/3.1.0/flags/4x3/pt.svg]
[ajax/libs/flag-icon-css/3.1.0/flags/1x1/pt.svg]
[ajax/libs/flag-icon-css/3.1.0/flags/4x3/pw.svg]
[ajax/libs/flag-icon-css/3.1.0/flags/1x1/pw.svg]
[ajax/libs/flag-icon-css/3.1.0/flags/4x3/py.svg]
[ajax/libs/flag-icon-css/3.1.0/flags/1x1/py.svg]
[ajax/libs/flag-icon-css/3.1.0/flags/4x3/qa.svg]
[ajax/libs/flag-icon-css/3.1.0/flags/1x1/qa.svg]
[ajax/libs/flag-icon-css/3.1.0/flags/4x3/re.svg]
[ajax/libs/flag-icon-css/3.1.0/flags/1x1/re.svg]
[ajax/libs/flag-icon-css/3.1.0/flags/4x3/ro.svg]
[ajax/libs/flag-icon-css/3.1.0/flags/1x1/ro.svg]
[ajax/libs/flag-icon-css/3.1.0/flags/4x3/rs.svg]
[ajax/libs/flag-icon-css/3.1.0/flags/1x1/rs.svg]
[ajax/libs/flag-icon-css/3.1.0/flags/4x3/ru.svg]
[ajax/libs/flag-icon-css/3.1.0/flags/1x1/ru.svg]
[ajax/libs/flag-icon-css/3.1.0/flags/4x3/rw.svg]
[ajax/libs/flag-icon-css/3.1.0/flags/1x1/rw.svg]
[ajax/libs/flag-icon-css/3.1.0/flags/4x3/sa.svg]
[ajax/libs/flag-icon-css/3.1.0/flags/1x1/sa.svg]
[ajax/libs/flag-icon-css/3.1.0/flags/4x3/sb.svg]
[ajax/libs/flag-icon-css/3.1.0/flags/1x1/sb.svg]
[ajax/libs/flag-icon-css/3.1.0/flags/4x3/sc.svg]
[ajax/libs/flag-icon-css/3.1.0/flags/1x1/sc.svg]
[ajax/libs/flag-icon-css/3.1.0/flags/4x3/sd.svg]
[ajax/libs/flag-icon-css/3.1.0/flags/1x1/sd.svg]
[ajax/libs/flag-icon-css/3.1.0/flags/4x3/se.svg]
[ajax/libs/flag-icon-css/3.1.0/flags/1x1/se.svg]
[ajax/libs/flag-icon-css/3.1.0/flags/4x3/sg.svg]
[ajax/libs/flag-icon-css/3.1.0/flags/1x1/sg.svg]
[ajax/libs/flag-icon-css/3.1.0/flags/4x3/sh.svg]
[ajax/libs/flag-icon-css/3.1.0/flags/1x1/sh.svg]
[ajax/libs/flag-icon-css/3.1.0/flags/4x3/si.svg]
[ajax/libs/flag-icon-css/3.1.0/flags/1x1/si.svg]
[ajax/libs/flag-icon-css/3.1.0/flags/4x3/sj.svg]
[ajax/libs/flag-icon-css/3.1.0/flags/1x1/sj.svg]
[ajax/libs/flag-icon-css/3.1.0/flags/4x3/sk.svg]
[ajax/libs/flag-icon-css/3.1.0/flags/1x1/sk.svg]
[ajax/libs/flag-icon-css/3.1.0/flags/4x3/sl.svg]
[ajax/libs/flag-icon-css/3.1.0/flags/1x1/sl.svg]
[ajax/libs/flag-icon-css/3.1.0/flags/4x3/sm.svg]
[ajax/libs/flag-icon-css/3.1.0/flags/1x1/sm.svg]
[ajax/libs/flag-icon-css/3.1.0/flags/4x3/sn.svg]
[ajax/libs/flag-icon-css/3.1.0/flags/1x1/sn.svg]
[ajax/libs/flag-icon-css/3.1.0/flags/4x3/so.svg]
[ajax/libs/flag-icon-css/3.1.0/flags/1x1/so.svg]
[ajax/libs/flag-icon-css/3.1.0/flags/4x3/sr.svg]
[ajax/libs/flag-icon-css/3.1.0/flags/1x1/sr.svg]
[ajax/libs/flag-icon-css/3.1.0/flags/4x3/ss.svg]
[ajax/libs/flag-icon-css/3.1.0/flags/1x1/ss.svg]
[ajax/libs/flag-icon-css/3.1.0/flags/4x3/st.svg]
[ajax/libs/flag-icon-css/3.1.0/flags/1x1/st.svg]
[ajax/libs/flag-icon-css/3.1.0/flags/4x3/sv.svg]
[ajax/libs/flag-icon-css/3.1.0/flags/1x1/sv.svg]
[ajax/libs/flag-icon-css/3.1.0/flags/4x3/sx.svg]
[ajax/libs/flag-icon-css/3.1.0/flags/1x1/sx.svg]
[ajax/libs/flag-icon-css/3.1.0/flags/4x3/sy.svg]
[ajax/libs/flag-icon-css/3.1.0/flags/1x1/sy.svg]
[ajax/libs/flag-icon-css/3.1.0/flags/4x3/sz.svg]
[ajax/libs/flag-icon-css/3.1.0/flags/1x1/sz.svg]
[ajax/libs/flag-icon-css/3.1.0/flags/4x3/tc.svg]
[ajax/libs/flag-icon-css/3.1.0/flags/1x1/tc.svg]
[ajax/libs/flag-icon-css/3.1.0/flags/4x3/td.svg]
[ajax/libs/flag-icon-css/3.1.0/flags/1x1/td.svg]
[ajax/libs/flag-icon-css/3.1.0/flags/4x3/tf.svg]
[ajax/libs/flag-icon-css/3.1.0/flags/1x1/tf.svg]
[ajax/libs/flag-icon-css/3.1.0/flags/4x3/tg.svg]
[ajax/libs/flag-icon-css/3.1.0/flags/1x1/tg.svg]
[ajax/libs/flag-icon-css/3.1.0/flags/4x3/th.svg]
[ajax/libs/flag-icon-css/3.1.0/flags/1x1/th.svg]
[ajax/libs/flag-icon-css/3.1.0/flags/4x3/tj.svg]
[ajax/libs/flag-icon-css/3.1.0/flags/1x1/tj.svg]
[ajax/libs/flag-icon-css/3.1.0/flags/4x3/tk.svg]
[ajax/libs/flag-icon-css/3.1.0/flags/1x1/tk.svg]
[ajax/libs/flag-icon-css/3.1.0/flags/4x3/tl.svg]
[ajax/libs/flag-icon-css/3.1.0/flags/1x1/tl.svg]
[ajax/libs/flag-icon-css/3.1.0/flags/4x3/tm.svg]
[ajax/libs/flag-icon-css/3.1.0/flags/1x1/tm.svg]
[ajax/libs/flag-icon-css/3.1.0/flags/4x3/tn.svg]
[ajax/libs/flag-icon-css/3.1.0/flags/1x1/tn.svg]
[ajax/libs/flag-icon-css/3.1.0/flags/4x3/to.svg]
[ajax/libs/flag-icon-css/3.1.0/flags/1x1/to.svg]
[ajax/libs/flag-icon-css/3.1.0/flags/4x3/tr.svg]
[ajax/libs/flag-icon-css/3.1.0/flags/1x1/tr.svg]
[ajax/libs/flag-icon-css/3.1.0/flags/4x3/tt.svg]
[ajax/libs/flag-icon-css/3.1.0/flags/1x1/tt.svg]
[ajax/libs/flag-icon-css/3.1.0/flags/4x3/tv.svg]
[ajax/libs/flag-icon-css/3.1.0/flags/1x1/tv.svg]
[ajax/libs/flag-icon-css/3.1.0/flags/4x3/tw.svg]
[ajax/libs/flag-icon-css/3.1.0/flags/1x1/tw.svg]
[ajax/libs/flag-icon-css/3.1.0/flags/4x3/tz.svg]
[ajax/libs/flag-icon-css/3.1.0/flags/1x1/tz.svg]
[ajax/libs/flag-icon-css/3.1.0/flags/4x3/ua.svg]
[ajax/libs/flag-icon-css/3.1.0/flags/1x1/ua.svg]
[ajax/libs/flag-icon-css/3.1.0/flags/4x3/ug.svg]
[ajax/libs/flag-icon-css/3.1.0/flags/1x1/ug.svg]
[ajax/libs/flag-icon-css/3.1.0/flags/4x3/um.svg]
[ajax/libs/flag-icon-css/3.1.0/flags/1x1/um.svg]
[ajax/libs/flag-icon-css/3.1.0/flags/4x3/us.svg]
[ajax/libs/flag-icon-css/3.1.0/flags/1x1/us.svg]
[ajax/libs/flag-icon-css/3.1.0/flags/4x3/uy.svg]
[ajax/libs/flag-icon-css/3.1.0/flags/1x1/uy.svg]
[ajax/libs/flag-icon-css/3.1.0/flags/4x3/uz.svg]
[ajax/libs/flag-icon-css/3.1.0/flags/1x1/uz.svg]
[ajax/libs/flag-icon-css/3.1.0/flags/4x3/va.svg]
[ajax/libs/flag-icon-css/3.1.0/flags/1x1/va.svg]
[ajax/libs/flag-icon-css/3.1.0/flags/4x3/vc.svg]
[ajax/libs/flag-icon-css/3.1.0/flags/1x1/vc.svg]
[ajax/libs/flag-icon-css/3.1.0/flags/4x3/ve.svg]
[ajax/libs/flag-icon-css/3.1.0/flags/1x1/ve.svg]
[ajax/libs/flag-icon-css/3.1.0/flags/4x3/vg.svg]
[ajax/libs/flag-icon-css/3.1.0/flags/1x1/vg.svg]
[ajax/libs/flag-icon-css/3.1.0/flags/4x3/vi.svg]
[ajax/libs/flag-icon-css/3.1.0/flags/1x1/vi.svg]
[ajax/libs/flag-icon-css/3.1.0/flags/4x3/vn.svg]
[ajax/libs/flag-icon-css/3.1.0/flags/1x1/vn.svg]
[ajax/libs/flag-icon-css/3.1.0/flags/4x3/vu.svg]
[ajax/libs/flag-icon-css/3.1.0/flags/1x1/vu.svg]
[ajax/libs/flag-icon-css/3.1.0/flags/4x3/wf.svg]
[ajax/libs/flag-icon-css/3.1.0/flags/1x1/wf.svg]
[ajax/libs/flag-icon-css/3.1.0/flags/4x3/ws.svg]
[ajax/libs/flag-icon-css/3.1.0/flags/1x1/ws.svg]
[ajax/libs/flag-icon-css/3.1.0/flags/4x3/ye.svg]
[ajax/libs/flag-icon-css/3.1.0/flags/1x1/ye.svg]
[ajax/libs/flag-icon-css/3.1.0/flags/4x3/yt.svg]
[ajax/libs/flag-icon-css/3.1.0/flags/1x1/yt.svg]
[ajax/libs/flag-icon-css/3.1.0/flags/4x3/za.svg]
[ajax/libs/flag-icon-css/3.1.0/flags/1x1/za.svg]
[ajax/libs/flag-icon-css/3.1.0/flags/4x3/zm.svg]
[ajax/libs/flag-icon-css/3.1.0/flags/1x1/zm.svg]
[ajax/libs/flag-icon-css/3.1.0/flags/4x3/zw.svg]
[ajax/libs/flag-icon-css/3.1.0/flags/1x1/zw.svg]
[ajax/libs/flag-icon-css/3.1.0/flags/4x3/es-ct.svg]
[ajax/libs/flag-icon-css/3.1.0/flags/1x1/es-ct.svg]
[ajax/libs/flag-icon-css/3.1.0/flags/4x3/eu.svg]
[ajax/libs/flag-icon-css/3.1.0/flags/1x1/eu.svg]
[ajax/libs/flag-icon-css/3.1.0/flags/4x3/gb-eng.svg]
[ajax/libs/flag-icon-css/3.1.0/flags/1x1/gb-eng.svg]
[ajax/libs/flag-icon-css/3.1.0/flags/4x3/gb-nir.svg]
[ajax/libs/flag-icon-css/3.1.0/flags/1x1/gb-nir.svg]
[ajax/libs/flag-icon-css/3.1.0/flags/4x3/gb-sct.svg]
[ajax/libs/flag-icon-css/3.1.0/flags/1x1/gb-sct.svg]
[ajax/libs/flag-icon-css/3.1.0/flags/4x3/gb-wls.svg]
[ajax/libs/flag-icon-css/3.1.0/flags/1x1/gb-wls.svg]
[ajax/libs/flag-icon-css/3.1.0/flags/4x3/un.svg]
[ajax/libs/flag-icon-css/3.1.0/flags/1x1/un.svg]
